Component: ARM Compiler 5.06 update 7 (build 960) Tool: armlink [4d3601]

==============================================================================

Section Cross References

    stm32f4xx_hal_can.o(i.CAN_Receive_IT) refers to bsp_can.o(i.HAL_CAN_RxCpltCallback) for HAL_CAN_RxCpltCallback
    stm32f4xx_hal_can.o(i.CAN_Transmit_IT) refers to stm32f4xx_hal_can.o(i.HAL_CAN_TxCpltCallback) for HAL_CAN_TxCpltCallback
    stm32f4xx_hal_can.o(i.HAL_CAN_DeInit) refers to can.o(i.HAL_CAN_MspDeInit) for HAL_CAN_MspDeInit
    stm32f4xx_hal_can.o(i.HAL_CAN_IRQHandler) refers to stm32f4xx_hal_can.o(i.CAN_Transmit_IT) for CAN_Transmit_IT
    stm32f4xx_hal_can.o(i.HAL_CAN_IRQHandler) refers to stm32f4xx_hal_can.o(i.CAN_Receive_IT) for CAN_Receive_IT
    stm32f4xx_hal_can.o(i.HAL_CAN_IRQHandler) refers to stm32f4xx_hal_can.o(i.HAL_CAN_ErrorCallback) for HAL_CAN_ErrorCallback
    stm32f4xx_hal_can.o(i.HAL_CAN_Init) refers to can.o(i.HAL_CAN_MspInit) for HAL_CAN_MspInit
    stm32f4xx_hal_can.o(i.HAL_CAN_Init) refers to stm32f4xx_hal.o(i.HAL_GetTick) for HAL_GetTick
    stm32f4xx_hal_can.o(i.HAL_CAN_Receive) refers to stm32f4xx_hal.o(i.HAL_GetTick) for HAL_GetTick
    stm32f4xx_hal_can.o(i.HAL_CAN_Sleep) refers to stm32f4xx_hal.o(i.HAL_GetTick) for HAL_GetTick
    stm32f4xx_hal_can.o(i.HAL_CAN_Transmit) refers to stm32f4xx_hal.o(i.HAL_GetTick) for HAL_GetTick
    stm32f4xx_hal_can.o(i.HAL_CAN_WakeUp) refers to stm32f4xx_hal.o(i.HAL_GetTick) for HAL_GetTick
    stm32f4xx_hal_gpio.o(i.HAL_GPIO_EXTI_IRQHandler) refers to stm32f4xx_hal_gpio.o(i.HAL_GPIO_EXTI_Callback) for HAL_GPIO_EXTI_Callback
    stm32f4xx_hal_flash.o(i.FLASH_SetErrorCode) refers to stm32f4xx_hal_flash.o(.bss) for .bss
    stm32f4xx_hal_flash.o(i.FLASH_WaitForLastOperation) refers to stm32f4xx_hal.o(i.HAL_GetTick) for HAL_GetTick
    stm32f4xx_hal_flash.o(i.FLASH_WaitForLastOperation) refers to stm32f4xx_hal_flash.o(i.FLASH_SetErrorCode) for FLASH_SetErrorCode
    stm32f4xx_hal_flash.o(i.FLASH_WaitForLastOperation) refers to stm32f4xx_hal_flash.o(.bss) for .bss
    stm32f4xx_hal_flash.o(i.HAL_FLASH_GetError) refers to stm32f4xx_hal_flash.o(.bss) for .bss
    stm32f4xx_hal_flash.o(i.HAL_FLASH_IRQHandler) refers to stm32f4xx_hal_flash.o(i.FLASH_SetErrorCode) for FLASH_SetErrorCode
    stm32f4xx_hal_flash.o(i.HAL_FLASH_IRQHandler) refers to stm32f4xx_hal_flash.o(i.HAL_FLASH_OperationErrorCallback) for HAL_FLASH_OperationErrorCallback
    stm32f4xx_hal_flash.o(i.HAL_FLASH_IRQHandler) refers to stm32f4xx_hal_flash.o(i.HAL_FLASH_EndOfOperationCallback) for HAL_FLASH_EndOfOperationCallback
    stm32f4xx_hal_flash.o(i.HAL_FLASH_IRQHandler) refers to stm32f4xx_hal_flash_ex.o(i.FLASH_Erase_Sector) for FLASH_Erase_Sector
    stm32f4xx_hal_flash.o(i.HAL_FLASH_IRQHandler) refers to stm32f4xx_hal_flash_ex.o(i.FLASH_FlushCaches) for FLASH_FlushCaches
    stm32f4xx_hal_flash.o(i.HAL_FLASH_IRQHandler) refers to stm32f4xx_hal_flash.o(.bss) for .bss
    stm32f4xx_hal_flash.o(i.HAL_FLASH_OB_Launch) refers to stm32f4xx_hal_flash.o(i.FLASH_WaitForLastOperation) for FLASH_WaitForLastOperation
    stm32f4xx_hal_flash.o(i.HAL_FLASH_Program) refers to stm32f4xx_hal_flash.o(i.FLASH_WaitForLastOperation) for FLASH_WaitForLastOperation
    stm32f4xx_hal_flash.o(i.HAL_FLASH_Program) refers to stm32f4xx_hal_flash.o(i.FLASH_Program_DoubleWord) for FLASH_Program_DoubleWord
    stm32f4xx_hal_flash.o(i.HAL_FLASH_Program) refers to stm32f4xx_hal_flash.o(i.FLASH_Program_Byte) for FLASH_Program_Byte
    stm32f4xx_hal_flash.o(i.HAL_FLASH_Program) refers to stm32f4xx_hal_flash.o(i.FLASH_Program_HalfWord) for FLASH_Program_HalfWord
    stm32f4xx_hal_flash.o(i.HAL_FLASH_Program) refers to stm32f4xx_hal_flash.o(i.FLASH_Program_Word) for FLASH_Program_Word
    stm32f4xx_hal_flash.o(i.HAL_FLASH_Program) refers to stm32f4xx_hal_flash.o(.bss) for .bss
    stm32f4xx_hal_flash.o(i.HAL_FLASH_Program_IT) refers to stm32f4xx_hal_flash.o(i.FLASH_Program_DoubleWord) for FLASH_Program_DoubleWord
    stm32f4xx_hal_flash.o(i.HAL_FLASH_Program_IT) refers to stm32f4xx_hal_flash.o(i.FLASH_Program_Byte) for FLASH_Program_Byte
    stm32f4xx_hal_flash.o(i.HAL_FLASH_Program_IT) refers to stm32f4xx_hal_flash.o(i.FLASH_Program_HalfWord) for FLASH_Program_HalfWord
    stm32f4xx_hal_flash.o(i.HAL_FLASH_Program_IT) refers to stm32f4xx_hal_flash.o(i.FLASH_Program_Word) for FLASH_Program_Word
    stm32f4xx_hal_flash.o(i.HAL_FLASH_Program_IT) refers to stm32f4xx_hal_flash.o(.bss) for .bss
    stm32f4xx_hal_flash_ex.o(i.FLASH_OB_DisableWRP) refers to stm32f4xx_hal_flash.o(i.FLASH_WaitForLastOperation) for FLASH_WaitForLastOperation
    stm32f4xx_hal_flash_ex.o(i.FLASH_OB_EnableWRP) refers to stm32f4xx_hal_flash.o(i.FLASH_WaitForLastOperation) for FLASH_WaitForLastOperation
    stm32f4xx_hal_flash_ex.o(i.HAL_FLASHEx_AdvOBProgram) refers to stm32f4xx_hal_flash.o(i.FLASH_WaitForLastOperation) for FLASH_WaitForLastOperation
[...]
    i._printf_core                           0x080036e4   Section        0  printf8.o(i._printf_core)
    _printf_core                             0x080036e5   Thumb Code   984  printf8.o(i._printf_core)
    i._printf_post_padding                   0x08003ae8   Section        0  printf8.o(i._printf_post_padding)
    _printf_post_padding                     0x08003ae9   Thumb Code    36  printf8.o(i._printf_post_padding)
    i._printf_pre_padding                    0x08003b0c   Section        0  printf8.o(i._printf_pre_padding)
    _printf_pre_padding                      0x08003b0d   Thumb Code    46  printf8.o(i._printf_pre_padding)
    i._snputc                                0x08003b3a   Section        0  printf8.o(i._snputc)
    _snputc                                  0x08003b3b   Thumb Code    22  printf8.o(i._snputc)
    i.abs_limit                              0x08003b50   Section        0  pid.o(i.abs_limit)
    i.clamp_float                            0x08003b7a   Section        0  freertos.o(i.clamp_float)
    clamp_float                              0x08003b7b   Thumb Code    32  freertos.o(i.clamp_float)
    i.clamp_s16                              0x08003b9a   Section        0  freertos.o(i.clamp_s16)
    clamp_s16                                0x08003b9b   Thumb Code    16  freertos.o(i.clamp_s16)
    i.drive_float_to_centi                   0x08003bac   Section        0  freertos.o(i.drive_float_to_centi)
    drive_float_to_centi                     0x08003bad   Thumb Code    38  freertos.o(i.drive_float_to_centi)
    i.drive_float_to_deci                    0x08003bd8   Section        0  freertos.o(i.drive_float_to_deci)
    drive_float_to_deci                      0x08003bd9   Thumb Code    38  freertos.o(i.drive_float_to_deci)
    i.drive_reason_text                      0x08003c00   Section        0  freertos.o(i.drive_reason_text)
    drive_reason_text                        0x08003c01   Thumb Code    62  freertos.o(i.drive_reason_text)
    i.get_moto_measure                       0x08003c8c   Section        0  bsp_can.o(i.get_moto_measure)
    i.get_moto_offset                        0x08003cd6   Section        0  bsp_can.o(i.get_moto_offset)
    i.ibus_get_state                         0x08003ce4   Section        0  bsp_ibus.o(i.ibus_get_state)
    i.ibus_init                              0x08003d38   Section        0  bsp_ibus.o(i.ibus_init)
    i.ibus_parse_buffer                      0x08003d80   Section        0  bsp_ibus.o(i.ibus_parse_buffer)
    ibus_parse_buffer                        0x08003d81   Thumb Code    26  bsp_ibus.o(i.ibus_parse_buffer)
    i.ibus_parse_byte                        0x08003d9c   Section        0  bsp_ibus.o(i.ibus_parse_byte)
    ibus_parse_byte                          0x08003d9d   Thumb Code    84  bsp_ibus.o(i.ibus_parse_byte)
    i.ibus_poll_link_state                   0x08003df8   Section        0  bsp_ibus.o(i.ibus_poll_link_state)
    i.ibus_process_frame                     0x08003e28   Section        0  bsp_ibus.o(i.ibus_process_frame)
    ibus_process_frame                       0x08003e29   Thumb Code   136  bsp_ibus.o(i.ibus_process_frame)
    i.ibus_set_serial_online_unsafe          0x08003eb8   Section        0  bsp_ibus.o(i.ibus_set_serial_online_unsafe)
    ibus_set_serial_online_unsafe            0x08003eb9   Thumb Code    32  bsp_ibus.o(i.ibus_set_serial_online_unsafe)
    i.ibus_start_dma                         0x08003edc   Section        0  bsp_ibus.o(i.ibus_start_dma)
    ibus_start_dma                           0x08003edd   Thumb Code    32  bsp_ibus.o(i.ibus_start_dma)
    i.ibus_stop_dma_from_irq                 0x08003f04   Section        0  bsp_ibus.o(i.ibus_stop_dma_from_irq)
    ibus_stop_dma_from_irq                   0x08003f05   Thumb Code   138  bsp_ibus.o(i.ibus_stop_dma_from_irq)
    i.ibus_uart_idle_irq_handler             0x08003f90   Section        0  bsp_ibus.o(i.ibus_uart_idle_irq_handler)
    i.ibus_uart_rx_complete_handler          0x08003ff8   Section        0  bsp_ibus.o(i.ibus_uart_rx_complete_handler)
    i.main                                   0x08004028   Section        0  main.o(i.main)
    i.makeFreeRtosPriority                   0x08004076   Section        0  cmsis_os.o(i.makeFreeRtosPriority)
    makeFreeRtosPriority                     0x08004077   Thumb Code    12  cmsis_os.o(i.makeFreeRtosPriority)
    i.motor_feedback_online                  0x08004084   Section        0  freertos.o(i.motor_feedback_online)
    motor_feedback_online                    0x08004085   Thumb Code    32  freertos.o(i.motor_feedback_online)
    i.my_can_filter_init_recv_all            0x080040a8   Section        0  bsp_can.o(i.my_can_filter_init_recv_all)
    i.osDelay                                0x08004108   Section        0  cmsis_os.o(i.osDelay)
    i.osKernelStart                          0x08004116   Section        0  cmsis_os.o(i.osKernelStart)
    i.osSystickHandler                       0x08004120   Section        0  cmsis_os.o(i.osSystickHandler)
    i.osThreadCreate                         0x08004134   Section        0  cmsis_os.o(i.osThreadCreate)
    i.pid_calc                               0x0800416c   Section        0  pid.o(i.pid_calc)
    i.pid_param_init                         0x08004330   Section        0  pid.o(i.pid_param_init)
    pid_param_init                           0x08004331   Thumb Code    14  pid.o(i.pid_param_init)
    i.pid_reset                              0x0800433e   Section        0  pid.o(i.pid_reset)
    pid_reset                                0x0800433f   Thumb Code     6  pid.o(i.pid_reset)
    i.pid_reset_dynamic_state                0x08004344   Section        0  pid.o(i.pid_reset_dynamic_state)
    i.prvAddCurrentTaskToDelayedList         0x08004390   Section        0  tasks.o(i.prvAddCurrentTaskToDelayedList)
    prvAddCurrentTaskToDelayedList           0x08004391   Thumb Code    48  tasks.o(i.prvAddCurrentTaskToDelayedList)
    i.prvCheckTasksWaitingTermination        0x080043c4   Section        0  tasks.o(i.prvCheckTasksWaitingTermination)
    prvCheckTasksWaitingTermination          0x080043c5   Thumb Code    76  tasks.o(i.prvCheckTasksWaitingTermination)
    i.prvHeapInit                            0x08004418   Section        0  heap_4.o(i.prvHeapInit)
    prvHeapInit                              0x08004419   Thumb Code    66  heap_4.o(i.prvHeapInit)
    i.prvIdleTask                            0x08004464   Section        0  tasks.o(i.prvIdleTask)
    prvIdleTask                              0x08004465   Thumb Code    30  tasks.o(i.prvIdleTask)
    i.prvInsertBlockIntoFreeList             0x0800448c   Section        0  heap_4.o(i.prvInsertBlockIntoFreeList)
    prvInsertBlockIntoFreeList               0x0800448d   Thumb Code    72  heap_4.o(i.prvInsertBlockIntoFreeList)
    i.prvResetNextTaskUnblockTime            0x080044d8   Section        0  tasks.o(i.prvResetNextTaskUnblockTime)
    prvResetNextTaskUnblockTime              0x080044d9   Thumb Code    26  tasks.o(i.prvResetNextTaskUnblockTime)
    i.prvTaskExitError                       0x080044f8   Section        0  port.o(i.prvTaskExitError)
    prvTaskExitError                         0x080044f9   Thumb Code    36  port.o(i.prvTaskExitError)
    i.pvPortMalloc                           0x08004520   Section        0  heap_4.o(i.pvPortMalloc)
    i.pxPortInitialiseStack                  0x080045f8   Section        0  port.o(i.pxPortInitialiseStack)
    i.ramp_float                             0x08004620   Section        0  freertos.o(i.ramp_float)
    ramp_float                               0x08004621   Thumb Code    38  freertos.o(i.ramp_float)
    i.remote_clamp_float                     0x08004646   Section        0  remote_control.o(i.remote_clamp_float)
    remote_clamp_float                       0x08004647   Thumb Code    32  remote_control.o(i.remote_clamp_float)
    i.remote_control_get                     0x08004668   Section        0  remote_control.o(i.remote_control_get)
    i.remote_control_init                    0x080046e0   Section        0  remote_control.o(i.remote_control_init)
    i.remote_control_set_motor_feedback_online 0x08004744   Section        0  remote_control.o(i.remote_control_set_motor_feedback_online)
    i.remote_control_update                  0x08004748   Section        0  remote_control.o(i.remote_control_update)
    i.remote_drive_control_task              0x080049c0   Section        0  freertos.o(i.remote_drive_control_task)
    remote_drive_control_task                0x080049c1   Thumb Code   630  freertos.o(i.remote_drive_control_task)
    i.remote_drive_debug_update              0x08004c60   Section        0  freertos.o(i.remote_drive_debug_update)
    remote_drive_debug_update                0x08004c61   Thumb Code   150  freertos.o(i.remote_drive_debug_update)
    i.remote_drive_led_phase_on              0x08004cfc   Section        0  freertos.o(i.remote_drive_led_phase_on)
    remote_drive_led_phase_on                0x08004cfd   Thumb Code   108  freertos.o(i.remote_drive_led_phase_on)
    i.remote_drive_led_task                  0x08004d68   Section        0  freertos.o(i.remote_drive_led_task)
    remote_drive_led_task                    0x08004d69   Thumb Code    58  freertos.o(i.remote_drive_led_task)
    i.remote_drive_print_led_status          0x08004db0   Section        0  freertos.o(i.remote_drive_print_led_status)
    remote_drive_print_led_status            0x08004db1   Thumb Code   182  freertos.o(i.remote_drive_print_led_status)
    i.remote_drive_print_status              0x08004f48   Section        0  freertos.o(i.remote_drive_print_status)
    remote_drive_print_status                0x08004f49   Thumb Code   420  freertos.o(i.remote_drive_print_status)
    i.remote_drive_send_currents             0x08005120   Section        0  freertos.o(i.remote_drive_send_currents)
    remote_drive_send_currents               0x08005121   Thumb Code    84  freertos.o(i.remote_drive_send_currents)
    i.remote_map_channel                     0x0800517c   Section        0  remote_control.o(i.remote_map_channel)
    remote_map_channel                       0x0800517d   Thumb Code   114  remote_control.o(i.remote_map_channel)
    i.remote_stick_is_centered               0x08005204   Section        0  remote_control.o(i.remote_stick_is_centered)
    remote_stick_is_centered                 0x08005205   Thumb Code    28  remote_control.o(i.remote_stick_is_centered)
    i.remote_write_cmd                       0x08005220   Section        0  remote_control.o(i.remote_write_cmd)
    remote_write_cmd                         0x08005221   Thumb Code   112  remote_control.o(i.remote_write_cmd)
    i.set_moto_current                       0x08005294   Section        0  bsp_can.o(i.set_moto_current)
    i.set_moto_current_5_8                   0x080052e0   Section        0  bsp_can.o(i.set_moto_current_5_8)
    i.uart2_tx_message                       0x0800532c   Section        0  freertos.o(i.uart2_tx_message)
    uart2_tx_message                         0x0800532d   Thumb Code    32  freertos.o(i.uart2_tx_message)
    i.uxListRemove                           0x08005350   Section        0  list.o(i.uxListRemove)
    i.vListInitialise                        0x08005374   Section        0  list.o(i.vListInitialise)
    i.vListInitialiseItem                    0x0800538a   Section        0  list.o(i.vListInitialiseItem)
    i.vListInsert                            0x08005390   Section        0  list.o(i.vListInsert)
    i.vListInsertEnd                         0x080053c0   Section        0  list.o(i.vListInsertEnd)
    i.vPortEnterCritical                     0x080053d8   Section        0  port.o(i.vPortEnterCritical)
    i.vPortExitCritical                      0x08005418   Section        0  port.o(i.vPortExitCritical)
    i.vPortFree                              0x08005440   Section        0  heap_4.o(i.vPortFree)
    i.vPortSetupTimerInterrupt               0x0800549c   Section        0  port.o(i.vPortSetupTimerInterrupt)
    i.vTaskDelay                             0x080054bc   Section        0  tasks.o(i.vTaskDelay)
    i.vTaskStartScheduler                    0x08005524   Section        0  tasks.o(i.vTaskStartScheduler)
    i.vTaskSuspendAll                        0x0800558c   Section        0  tasks.o(i.vTaskSuspendAll)
    i.vTaskSwitchContext                     0x0800559c   Section        0  tasks.o(i.vTaskSwitchContext)
    i.xPortStartScheduler                    0x080055f8   Section        0  port.o(i.xPortStartScheduler)
    i.xPortSysTickHandler                    0x080056d8   Section        0  port.o(i.xPortSysTickHandler)
    i.xTaskGenericCreate                     0x08005704   Section        0  tasks.o(i.xTaskGenericCreate)
    i.xTaskGetSchedulerState                 0x080058c0   Section        0  tasks.o(i.xTaskGetSchedulerState)
    i.xTaskIncrementTick                     0x080058dc   Section        0  tasks.o(i.xTaskIncrementTick)
    i.xTaskResumeAll                         0x080059a8   Section        0  tasks.o(i.xTaskResumeAll)
    .constdata                               0x08005a6c   Section        8  stm32f4xx_hal_dma.o(.constdata)
    flagBitshiftOffset                       0x08005a6c   Data           8  stm32f4xx_hal_dma.o(.constdata)
    .constdata                               0x08005a74   Section       16  stm32f4xx_hal_rcc.o(.constdata)
    .constdata                               0x08005a84   Section       20  freertos.o(.constdata)
    .conststring                             0x08005a98   Section      316  freertos.o(.conststring)
    .data                                    0x20000000   Section        4  stm32f4xx_hal.o(.data)
    .data                                    0x20000004   Section        4  system_stm32f4xx.o(.data)
    .data                                    0x20000008   Section       56  tasks.o(.data)
    uxTasksDeleted                           0x2000000c   Data           4  tasks.o(.data)
    uxCurrentNumberOfTasks                   0x20000010   Data           4  tasks.o(.data)
    xTickCount                               0x20000014   Data           4  tasks.o(.data)
    uxTopReadyPriority                       0x20000018   Data           4  tasks.o(.data)
    xSchedulerRunning                        0x2000001c   Data           4  tasks.o(.data)
    uxPendedTicks                            0x20000020   Data           4  tasks.o(.data)
    xYieldPending                            0x20000024   Data           4  tasks.o(.data)
    xNumOfOverflows                          0x20000028   Data           4  tasks.o(.data)
    uxTaskNumber                             0x2000002c   Data           4  tasks.o(.data)
    xNextTaskUnblockTime                     0x20000030   Data           4  tasks.o(.data)
    uxSchedulerSuspended                     0x20000034   Data           4  tasks.o(.data)
    pxDelayedTaskList                        0x20000038   Data           4  tasks.o(.data)
    pxOverflowDelayedTaskList                0x2000003c   Data           4  tasks.o(.data)
    .data                                    0x20000040   Section       12  port.o(.data)
    ucMaxSysCallPriority                     0x20000040   Data           1  port.o(.data)
    uxCriticalNesting                        0x20000044   Data           4  port.o(.data)
    ulMaxPRIGROUPValue                       0x20000048   Data           4  port.o(.data)
    .data                                    0x2000004c   Section       24  heap_4.o(.data)
    pxEnd                                    0x2000004c   Data           4  heap_4.o(.data)
    xFreeBytesRemaining                      0x20000050   Data           4  heap_4.o(.data)
    xMinimumEverFreeBytesRemaining           0x20000054   Data           4  heap_4.o(.data)
    xBlockAllocatedBit                       0x20000058   Data           4  heap_4.o(.data)
    xStart                                   0x2000005c   Data           8  heap_4.o(.data)
    .data                                    0x20000064   Section       28  freertos.o(.data)
    last_status                              0x20000064   Data           1  freertos.o(.data)
    status_since_ms                          0x20000068   Data           4  freertos.o(.data)
    last_print_ms                            0x2000006c   Data           4  freertos.o(.data)
    last_print_ms                            0x20000070   Data           4  freertos.o(.data)
    last_update_ms                           0x20000074   Data           4  freertos.o(.data)
    uart2_tx_self_test_ms                    0x20000078   Data           4  freertos.o(.data)
    .data                                    0x20000080   Section        4  can.o(.data)
    HAL_RCC_CAN1_CLK_ENABLED                 0x20000080   Data           4  can.o(.data)
    .data                                    0x20000084   Section        1  bsp_can.o(.data)
    i                                        0x20000084   Data           1  bsp_can.o(.data)
    .data                                    0x20000088   Section       36  bsp_ibus.o(.data)
    ibus_frame_index                         0x20000088   Data           1  bsp_ibus.o(.data)
    ibus_last_valid_frame_ready              0x20000089   Data           1  bsp_ibus.o(.data)
    last_ok_print_ms                         0x2000008c   Data           4  bsp_ibus.o(.data)
    last_raw_print_ms                        0x20000090   Data           4  bsp_ibus.o(.data)
    last_wait_print_ms                       0x20000094   Data           4  bsp_ibus.o(.data)
    last_err_print_ms                        0x20000098   Data           4  bsp_ibus.o(.data)
    last_ok_count                            0x2000009c   Data           4  bsp_ibus.o(.data)
    last_raw_count                           0x200000a0   Data           4  bsp_ibus.o(.data)
    last_checksum_error_count                0x200000a4   Data           4  bsp_ibus.o(.data)
    last_frame_error_count                   0x200000a8   Data           4  bsp_ibus.o(.data)
    .data                                    0x200000ac   Section       24  remote_control.o(.data)
    remote_arm_state                         0x200000ac   Data           1  remote_control.o(.data)
    remote_disarm_reason                     0x200000ad   Data           1  remote_control.o(.data)
    remote_valid_tracking                    0x200000ae   Data           1  remote_control.o(.data)
    remote_sa_safe_ready                     0x200000af   Data           1  remote_control.o(.data)
    remote_saw_sa_safe_after_boot            0x200000b0   Data           1  remote_control.o(.data)
    remote_sa_safe_timing                    0x200000b1   Data           1  remote_control.o(.data)
    remote_last_arm_request                  0x200000b2   Data           1  remote_control.o(.data)
    remote_failsafe_stable_frames            0x200000b4   Data           2  remote_control.o(.data)
    remote_valid_since_ms                    0x200000b8   Data           4  remote_control.o(.data)
    remote_failsafe_last_valid_frame_count   0x200000bc   Data           4  remote_control.o(.data)
    remote_sa_safe_since_ms                  0x200000c0   Data           4  remote_control.o(.data)
    .bss                                     0x200000c4   Section      240  tasks.o(.bss)
    pxReadyTasksLists                        0x200000c4   Data         140  tasks.o(.bss)
    xDelayedTaskList1                        0x20000150   Data          20  tasks.o(.bss)
    xDelayedTaskList2                        0x20000164   Data          20  tasks.o(.bss)
    xPendingReadyList                        0x20000178   Data          20  tasks.o(.bss)
    xTasksWaitingTermination                 0x2000018c   Data          20  tasks.o(.bss)
    xSuspendedTaskList                       0x200001a0   Data          20  tasks.o(.bss)
    .bss                                     0x200001b4   Section    15360  heap_4.o(.bss)
    ucHeap                                   0x200001b4   Data       15360  heap_4.o(.bss)
    .bss                                     0x20003db4   Section      360  tim.o(.bss)
    .bss                                     0x20003f1c   Section      640  usart.o(.bss)
    .bss                                     0x2000419c   Section      604  freertos.o(.bss)
    line                                     0x2000419c   Data         240  freertos.o(.bss)
    line                                     0x2000428c   Data         320  freertos.o(.bss)
    wheel_target_rpm                         0x200043e8   Data          16  freertos.o(.bss)
    .bss                                     0x200043f8   Section       60  stm32f4xx_hal_timebase_tim.o(.bss)
    .bss                                     0x20004434   Section       88  spi.o(.bss)
    .bss                                     0x2000448c   Section      128  can.o(.bss)
    .bss                                     0x2000450c   Section      368  bsp_can.o(.bss)
    Tx1Message                               0x200045cc   Data          28  bsp_can.o(.bss)
    Rx1Message                               0x200045e8   Data          36  bsp_can.o(.bss)
    Tx2Message                               0x2000460c   Data          28  bsp_can.o(.bss)
    Rx2Message                               0x20004628   Data          36  bsp_can.o(.bss)
    .bss                                     0x2000467c   Section      552  bsp_ibus.o(.bss)
    line                                     0x2000467c   Data         220  bsp_ibus.o(.bss)
    raw_line                                 0x20004758   Data         128  bsp_ibus.o(.bss)
    raw_frame                                0x200047d8   Data          32  bsp_ibus.o(.bss)
    ibus_rx_buf                              0x20004824   Data          64  bsp_ibus.o(.bss)
    ibus_frame_buf                           0x20004864   Data          32  bsp_ibus.o(.bss)
    ibus_last_valid_frame                    0x20004884   Data          32  bsp_ibus.o(.bss)
    .bss                                     0x200048a4   Section       48  remote_control.o(.bss)
    .bss                                     0x200048d4   Section      432  pid.o(.bss)
    STACK                                    0x20004a88   Section     1024  startup_stm32f427xx.o(STACK)

    Global Symbols

    Symbol Name                              Value     Ov Type        Size  Object(Section)

    BuildAttributes$$THM_ISAv4$E$P$D$K$B$S$7EM$VFPi3$EXTD16$VFPS$VFMA$PE$A:L22UL41UL21$X:L11$S22US41US21$IEEE1$IW$USESV6$~STKCKD$USESV7$~SHL$OSPACE$ROPI$EBA8$MICROLIB$REQ8$PRES8$EABIv2 0x00000000   Number         0  anon$$obj.o ABSOLUTE
    __ARM_use_no_argv                        0x00000000   Number         0  main.o ABSOLUTE
    _printf_a                                0x00000000   Number         0  stubs.o ABSOLUTE
    _printf_c                                0x00000000   Number         0  stubs.o ABSOLUTE
    _printf_charcount                        0x00000000   Number         0  stubs.o ABSOLUTE
    _printf_d                                0x00000000   Number         0  stubs.o ABSOLUTE
    _printf_e                                0x00000000   Number         0  stubs.o ABSOLUTE
    _printf_f                                0x00000000   Number         0  stubs.o ABSOLUTE
    _printf_flags                            0x00000000   Number         0  stubs.o ABSOLUTE
    _printf_fp_dec                           0x00000000   Number         0  stubs.o ABSOLUTE
    _printf_fp_hex                           0x00000000   Number         0  stubs.o ABSOLUTE
    _printf_g                                0x00000000   Number         0  stubs.o ABSOLUTE
    _printf_i                                0x00000000   Number         0  stubs.o ABSOLUTE
    _printf_int_dec                          0x00000000   Number         0  stubs.o ABSOLUTE
    _printf_l                                0x00000000   Number         0  stubs.o ABSOLUTE
    _printf_lc                               0x00000000   Number         0  stubs.o ABSOLUTE
    _printf_ll                               0x00000000   Number         0  stubs.o ABSOLUTE
    _printf_lld                              0x00000000   Number         0  stubs.o ABSOLUTE
    _printf_lli                              0x00000000   Number         0  stubs.o ABSOLUTE
    _printf_llo                              0x00000000   Number         0  stubs.o ABSOLUTE
    _printf_llu                              0x00000000   Number         0  stubs.o ABSOLUTE
    _printf_llx                              0x00000000   Number         0  stubs.o ABSOLUTE
    _printf_longlong_dec                     0x00000000   Number         0  stubs.o ABSOLUTE
    _printf_longlong_hex                     0x00000000   Number         0  stubs.o ABSOLUTE
    _printf_longlong_oct                     0x00000000   Number         0  stubs.o ABSOLUTE
    _printf_ls                               0x00000000   Number         0  stubs.o ABSOLUTE
    _printf_mbtowc                           0x00000000   Number         0  stubs.o ABSOLUTE
    _printf_n                                0x00000000   Number         0  stubs.o ABSOLUTE
    _printf_o                                0x00000000   Number         0  stubs.o ABSOLUTE
    _printf_p                                0x00000000   Number         0  stubs.o ABSOLUTE
    _printf_percent                          0x00000000   Number         0  stubs.o ABSOLUTE
    _printf_pre_padding                      0x00000000   Number         0  stubs.o ABSOLUTE
    _printf_return_value                     0x00000000   Number         0  stubs.o ABSOLUTE
    _printf_s                                0x00000000   Number         0  stubs.o ABSOLUTE
    _printf_sizespec                         0x00000000   Number         0  stubs.o ABSOLUTE
    _printf_str                              0x00000000   Number         0  stubs.o ABSOLUTE
    _printf_truncate_signed                  0x00000000   Number         0  stubs.o ABSOLUTE
    _printf_truncate_unsigned                0x00000000   Number         0  stubs.o ABSOLUTE
    _printf_u                                0x00000000   Number         0  stubs.o ABSOLUTE
    _printf_wc                               0x00000000   Number         0  stubs.o ABSOLUTE
    _printf_wctomb                           0x00000000   Number         0  stubs.o ABSOLUTE
    _printf_widthprec                        0x00000000   Number         0  stubs.o ABSOLUTE
    _printf_x                                0x00000000   Number         0  stubs.o ABSOLUTE
    __arm_fini_                               - Undefined Weak Reference
    __cpp_initialize__aeabi_                  - Undefined Weak Reference
    __cxa_finalize                            - Undefined Weak Reference
    __decompress                              - Undefined Weak Reference
    _clock_init                               - Undefined Weak Reference
    _microlib_exit                            - Undefined Weak Reference
    __Vectors_Size                           0x000001ac   Number         0  startup_stm32f427xx.o ABSOLUTE
    __Vectors                                0x08000000   Data           4  startup_stm32f427xx.o(RESET)
    __Vectors_End                            0x080001ac   Data           0  startup_stm32f427xx.o(RESET)
    __main                                   0x080001ad   Thumb Code     0  entry.o(.ARM.Collect$$$$00000000)
    _main_stk                                0x080001ad   Thumb Code     0  entry2.o(.ARM.Collect$$$$00000001)
    _main_scatterload                        0x080001b1   Thumb Code     0  entry5.o(.ARM.Collect$$$$00000004)
    __main_after_scatterload                 0x080001b5   Thumb Code     0  entry5.o(.ARM.Collect$$$$00000004)
    _main_clock                              0x080001b5   Thumb Code     0  entry7b.o(.ARM.Collect$$$$00000008)
    _main_cpp_init                           0x080001b5   Thumb Code     0  entry8b.o(.ARM.Collect$$$$0000000A)
    _main_init                               0x080001b5   Thumb Code     0  entry9a.o(.ARM.Collect$$$$0000000B)
    __rt_lib_shutdown_fini                   0x080001bd   Thumb Code     0  entry12b.o(.ARM.Collect$$$$0000000E)
    __rt_final_cpp                           0x080001c1   Thumb Code     0  entry10a.o(.ARM.Collect$$$$0000000F)
    __rt_final_exit                          0x080001c1   Thumb Code     0  entry11a.o(.ARM.Collect$$$$00000011)
    SVC_Handler                              0x080001c5   Thumb Code    28  port.o(.emb_text)
    __asm___6_port_c_39a90d8d__prvStartFirstTask 0x080001e5   Thumb Code    28  port.o(.emb_text)
    __asm___6_port_c_39a90d8d__prvEnableVFP  0x08000205   Thumb Code    16  port.o(.emb_text)
    PendSV_Handler                           0x08000219   Thumb Code    92  port.o(.emb_text)
    vPortGetIPSR                             0x08000279   Thumb Code     6  port.o(.emb_text)
    Reset_Handler                            0x08000281   Thumb Code     8  startup_stm32f427xx.o(.text)
    ADC_IRQHandler                           0x0800029b   Thumb Code     0  startup_stm32f427xx.o(.text)
    CAN1_RX1_IRQHandler                      0x0800029b   Thumb Code     0  startup_stm32f427xx.o(.text)
    CAN1_SCE_IRQHandler                      0x0800029b   Thumb Code     0  startup_stm32f427xx.o(.text)
    CAN2_RX1_IRQHandler                      0x0800029b   Thumb Code     0  startup_stm32f427xx.o(.text)
    CAN2_SCE_IRQHandler                      0x0800029b   Thumb Code     0  startup_stm32f427xx.o(.text)
    DCMI_IRQHandler                          0x0800029b   Thumb Code     0  startup_stm32f427xx.o(.text)
    DMA1_Stream0_IRQHandler                  0x0800029b   Thumb Code     0  startup_stm32f427xx.o(.text)
    DMA1_Stream2_IRQHandler                  0x0800029b   Thumb Code     0  startup_stm32f427xx.o(.text)
    DMA1_Stream3_IRQHandler                  0x0800029b   Thumb Code     0  startup_stm32f427xx.o(.text)
    DMA1_Stream4_IRQHandler                  0x0800029b   Thumb Code     0  startup_stm32f427xx.o(.text)
    DMA1_Stream6_IRQHandler                  0x0800029b   Thumb Code     0  startup_stm32f427xx.o(.text)
    DMA1_Stream7_IRQHandler                  0x0800029b   Thumb Code     0  startup_stm32f427xx.o(.text)
    DMA2D_IRQHandler                         0x0800029b   Thumb Code     0  startup_stm32f427xx.o(.text)
    DMA2_Stream0_IRQHandler                  0x0800029b   Thumb Code     0  startup_stm32f427xx.o(.text)
    DMA2_Stream3_IRQHandler                  0x0800029b   Thumb Code     0  startup_stm32f427xx.o(.text)
    DMA2_Stream4_IRQHandler                  0x0800029b   Thumb Code     0  startup_stm32f427xx.o(.text)
    DMA2_Stream5_IRQHandler                  0x0800029b   Thumb Code     0  startup_stm32f427xx.o(.text)
    DMA2_Stream6_IRQHandler                  0x0800029b   Thumb Code     0  startup_stm32f427xx.o(.text)
    DMA2_Stream7_IRQHandler                  0x0800029b   Thumb Code     0  startup_stm32f427xx.o(.text)
    ETH_IRQHandler                           0x0800029b   Thumb Code     0  startup_stm32f427xx.o(.text)
    ETH_WKUP_IRQHandler                      0x0800029b   Thumb Code     0  startup_stm32f427xx.o(.text)
    EXTI0_IRQHandler                         0x0800029b   Thumb Code     0  startup_stm32f427xx.o(.text)
    EXTI15_10_IRQHandler                     0x0800029b   Thumb Code     0  startup_stm32f427xx.o(.text)
    EXTI1_IRQHandler                         0x0800029b   Thumb Code     0  startup_stm32f427xx.o(.text)
    EXTI2_IRQHandler                         0x0800029b   Thumb Code     0  startup_stm32f427xx.o(.text)
    EXTI3_IRQHandler                         0x0800029b   Thumb Code     0  startup_stm32f427xx.o(.text)
    EXTI4_IRQHandler                         0x0800029b   Thumb Code     0  startup_stm32f427xx.o(.text)
    EXTI9_5_IRQHandler                       0x0800029b   Thumb Code     0  startup_stm32f427xx.o(.text)
    FLASH_IRQHandler                         0x0800029b   Thumb Code     0  startup_stm32f427xx.o(.text)
    FMC_IRQHandler                           0x0800029b   Thumb Code     0  startup_stm32f427xx.o(.text)
    FPU_IRQHandler                           0x0800029b   Thumb Code     0  startup_stm32f427xx.o(.text)
    HASH_RNG_IRQHandler                      0x0800029b   Thumb Code     0  startup_stm32f427xx.o(.text)
    I2C1_ER_IRQHandler                       0x0800029b   Thumb Code     0  startup_stm32f427xx.o(.text)
    I2C1_EV_IRQHandler                       0x0800029b   Thumb Code     0  startup_stm32f427xx.o(.text)
    I2C2_ER_IRQHandler                       0x0800029b   Thumb Code     0  startup_stm32f427xx.o(.text)
    I2C2_EV_IRQHandler                       0x0800029b   Thumb Code     0  startup_stm32f427xx.o(.text)
    I2C3_ER_IRQHandler                       0x0800029b   Thumb Code     0  startup_stm32f427xx.o(.text)
    I2C3_EV_IRQHandler                       0x0800029b   Thumb Code     0  startup_stm32f427xx.o(.text)
    OTG_FS_IRQHandler                        0x0800029b   Thumb Code     0  startup_stm32f427xx.o(.text)
    OTG_FS_WKUP_IRQHandler                   0x0800029b   Thumb Code     0  startup_stm32f427xx.o(.text)
    OTG_HS_EP1_IN_IRQHandler                 0x0800029b   Thumb Code     0  startup_stm32f427xx.o(.text)
    OTG_HS_EP1_OUT_IRQHandler                0x0800029b   Thumb Code     0  startup_stm32f427xx.o(.text)
    OTG_HS_IRQHandler                        0x0800029b   Thumb Code     0  startup_stm32f427xx.o(.text)
    OTG_HS_WKUP_IRQHandler                   0x0800029b   Thumb Code     0  startup_stm32f427xx.o(.text)
    PVD_IRQHandler                           0x0800029b   Thumb Code     0  startup_stm32f427xx.o(.text)
    RCC_IRQHandler                           0x0800029b   Thumb Code     0  startup_stm32f427xx.o(.text)
    RTC_Alarm_IRQHandler                     0x0800029b   Thumb Code     0  startup_stm32f427xx.o(.text)
    RTC_WKUP_IRQHandler                      0x0800029b   Thumb Code     0  startup_stm32f427xx.o(.text)
    SAI1_IRQHandler                          0x0800029b   Thumb Code     0  startup_stm32f427xx.o(.text)
    SDIO_IRQHandler                          0x0800029b   Thumb Code     0  startup_stm32f427xx.o(.text)
    SPI1_IRQHandler                          0x0800029b   Thumb Code     0  startup_stm32f427xx.o(.text)
    SPI2_IRQHandler                          0x0800029b   Thumb Code     0  startup_stm32f427xx.o(.text)
    SPI3_IRQHandler                          0x0800029b   Thumb Code     0  startup_stm32f427xx.o(.text)
    SPI4_IRQHandler                          0x0800029b   Thumb Code     0  startup_stm32f427xx.o(.text)
    SPI5_IRQHandler                          0x0800029b   Thumb Code     0  startup_stm32f427xx.o(.text)
    SPI6_IRQHandler                          0x0800029b   Thumb Code     0  startup_stm32f427xx.o(.text)
    TAMP_STAMP_IRQHandler                    0x0800029b   Thumb Code     0  startup_stm32f427xx.o(.text)
    TIM1_BRK_TIM9_IRQHandler                 0x0800029b   Thumb Code     0  startup_stm32f427xx.o(.text)
    TIM1_CC_IRQHandler                       0x0800029b   Thumb Code     0  startup_stm32f427xx.o(.text)
    TIM1_TRG_COM_TIM11_IRQHandler            0x0800029b   Thumb Code     0  startup_stm32f427xx.o(.text)
    TIM1_UP_TIM10_IRQHandler                 0x0800029b   Thumb Code     0  startup_stm32f427xx.o(.text)
    TIM2_IRQHandler                          0x0800029b   Thumb Code     0  startup_stm32f427xx.o(.text)
    TIM3_IRQHandler                          0x0800029b   Thumb Code     0  startup_stm32f427xx.o(.text)
    TIM4_IRQHandler                          0x0800029b   Thumb Code     0  startup_stm32f427xx.o(.text)
    TIM5_IRQHandler                          0x0800029b   Thumb Code     0  startup_stm32f427xx.o(.text)
    TIM7_IRQHandler                          0x0800029b   Thumb Code     0  startup_stm32f427xx.o(.text)
    TIM8_BRK_TIM12_IRQHandler                0x0800029b   Thumb Code     0  startup_stm32f427xx.o(.text)
    TIM8_CC_IRQHandler                       0x0800029b   Thumb Code     0  startup_stm32f427xx.o(.text)
    TIM8_TRG_COM_TIM14_IRQHandler            0x0800029b   Thumb Code     0  startup_stm32f427xx.o(.text)
    TIM8_UP_TIM13_IRQHandler                 0x0800029b   Thumb Code     0  startup_stm32f427xx.o(.text)
    UART4_IRQHandler                         0x0800029b   Thumb Code     0  startup_stm32f427xx.o(.text)
    UART5_IRQHandler                         0x0800029b   Thumb Code     0  startup_stm32f427xx.o(.text)
    UART7_IRQHandler                         0x0800029b   Thumb Code     0  startup_stm32f427xx.o(.text)
    UART8_IRQHandler                         0x0800029b   Thumb Code     0  startup_stm32f427xx.o(.text)
    WWDG_IRQHandler                          0x0800029b   Thumb Code     0  startup_stm32f427xx.o(.text)
    __aeabi_memcpy                           0x080002a5   Thumb Code    36  memcpya.o(.text)
    __aeabi_memcpy4                          0x080002a5   Thumb Code     0  memcpya.o(.text)
    __aeabi_memcpy8                          0x080002a5   Thumb Code     0  memcpya.o(.text)
    __aeabi_memset                           0x080002c9   Thumb Code    14  memseta.o(.text)
    __aeabi_memset4                          0x080002c9   Thumb Code     0  memseta.o(.text)
    __aeabi_memset8                          0x080002c9   Thumb Code     0  memseta.o(.text)
    __aeabi_memclr                           0x080002d7   Thumb Code     4  memseta.o(.text)
    __aeabi_memclr4                          0x080002d7   Thumb Code     0  memseta.o(.text)
    __aeabi_memclr8                          0x080002d7   Thumb Code     0  memseta.o(.text)
    _memset$wrapper                          0x080002db   Thumb Code    18  memseta.o(.text)
    strlen                                   0x080002ed   Thumb Code    14  strlen.o(.text)
    __aeabi_uldivmod                         0x080002fb   Thumb Code    98  uldiv.o(.text)
    __scatterload                            0x0800035d   Thumb Code    28  init.o(.text)
    __scatterload_rt2                        0x0800035d   Thumb Code     0  init.o(.text)
    __aeabi_llsl                             0x08000381   Thumb Code    30  llshl.o(.text)
    _ll_shift_l                              0x08000381   Thumb Code     0  llshl.o(.text)
    __aeabi_llsr                             0x0800039f   Thumb Code    32  llushr.o(.text)
    _ll_ushift_r                             0x0800039f   Thumb Code     0  llushr.o(.text)
    BusFault_Handler                         0x080003bf   Thumb Code     2  stm32f4xx_it.o(i.BusFault_Handler)
    CAN1_RX0_IRQHandler                      0x080003c1   Thumb Code     6  stm32f4xx_it.o(i.CAN1_RX0_IRQHandler)
    CAN1_TX_IRQHandler                       0x080003cd   Thumb Code     6  stm32f4xx_it.o(i.CAN1_TX_IRQHandler)
    CAN2_RX0_IRQHandler                      0x080003d9   Thumb Code     6  stm32f4xx_it.o(i.CAN2_RX0_IRQHandler)
    CAN2_TX_IRQHandler                       0x080003e5   Thumb Code     6  stm32f4xx_it.o(i.CAN2_TX_IRQHandler)
    DMA1_Stream1_IRQHandler                  0x08000579   Thumb Code     6  stm32f4xx_it.o(i.DMA1_Stream1_IRQHandler)
    DMA1_Stream5_IRQHandler                  0x08000585   Thumb Code     6  stm32f4xx_it.o(i.DMA1_Stream5_IRQHandler)
    DMA2_Stream1_IRQHandler                  0x08000591   Thumb Code     6  stm32f4xx_it.o(i.DMA2_Stream1_IRQHandler)
    DMA2_Stream2_IRQHandler                  0x0800059d   Thumb Code     6  stm32f4xx_it.o(i.DMA2_Stream2_IRQHandler)
    DebugMon_Handler                         0x0800064d   Thumb Code     2  stm32f4xx_it.o(i.DebugMon_Handler)
    Error_Handler                            0x0800064f   Thumb Code     2  main.o(i.Error_Handler)
    HAL_CAN_ConfigFilter                     0x08000651   Thumb Code   218  stm32f4xx_hal_can.o(i.HAL_CAN_ConfigFilter)
    HAL_CAN_ErrorCallback                    0x08000735   Thumb Code     2  stm32f4xx_hal_can.o(i.HAL_CAN_ErrorCallback)
    HAL_CAN_IRQHandler                       0x08000739   Thumb Code   370  stm32f4xx_hal_can.o(i.HAL_CAN_IRQHandler)
    HAL_CAN_Init                             0x080008b9   Thumb Code   328  stm32f4xx_hal_can.o(i.HAL_CAN_Init)
    HAL_CAN_MspInit                          0x08000a01   Thumb Code   200  can.o(i.HAL_CAN_MspInit)
    HAL_CAN_Receive_IT                       0x08000ae1   Thumb Code   134  stm32f4xx_hal_can.o(i.HAL_CAN_Receive_IT)
    HAL_CAN_RxCpltCallback                   0x08000b69   Thumb Code   118  bsp_can.o(i.HAL_CAN_RxCpltCallback)
    HAL_CAN_Transmit                         0x08000bf5   Thumb Code   410  stm32f4xx_hal_can.o(i.HAL_CAN_Transmit)
    HAL_CAN_TxCpltCallback                   0x08000d9d   Thumb Code     2  stm32f4xx_hal_can.o(i.HAL_CAN_TxCpltCallback)
    HAL_DMA_Abort_IT                         0x08000d9f   Thumb Code    36  stm32f4xx_hal_dma.o(i.HAL_DMA_Abort_IT)
    HAL_DMA_IRQHandler                       0x08000dc5   Thumb Code   414  stm32f4xx_hal_dma.o(i.HAL_DMA_IRQHandler)
    HAL_DMA_Init                             0x08000f6d   Thumb Code   202  stm32f4xx_hal_dma.o(i.HAL_DMA_Init)
    HAL_DMA_Start_IT                         0x0800103d   Thumb Code   120  stm32f4xx_hal_dma.o(i.HAL_DMA_Start_IT)
    HAL_Delay                                0x080010b5   Thumb Code    22  stm32f4xx_hal.o(i.HAL_Delay)
    HAL_GPIO_Init                            0x080010cd   Thumb Code   408  stm32f4xx_hal_gpio.o(i.HAL_GPIO_Init)
    HAL_GPIO_WritePin                        0x08001299   Thumb Code    10  stm32f4xx_hal_gpio.o(i.HAL_GPIO_WritePin)
    HAL_GetTick                              0x080012a5   Thumb Code     6  stm32f4xx_hal.o(i.HAL_GetTick)
    HAL_IncTick                              0x080012b1   Thumb Code    10  stm32f4xx_hal.o(i.HAL_IncTick)
    HAL_Init                                 0x080012c1   Thumb Code    48  stm32f4xx_hal.o(i.HAL_Init)
    HAL_InitTick                             0x080012f5   Thumb Code   100  stm32f4xx_hal_timebase_tim.o(i.HAL_InitTick)
    HAL_MspInit                              0x08001369   Thumb Code    88  stm32f4xx_hal_msp.o(i.HAL_MspInit)
    HAL_NVIC_EnableIRQ                       0x080013c1   Thumb Code    22  stm32f4xx_hal_cortex.o(i.HAL_NVIC_EnableIRQ)
    HAL_NVIC_SetPriority                     0x080013d9   Thumb Code    60  stm32f4xx_hal_cortex.o(i.HAL_NVIC_SetPriority)
    HAL_NVIC_SetPriorityGrouping             0x08001419   Thumb Code    26  stm32f4xx_hal_cortex.o(i.HAL_NVIC_SetPriorityGrouping)
    HAL_PWREx_EnableOverDrive                0x0800143d   Thumb Code   126  stm32f4xx_hal_pwr_ex.o(i.HAL_PWREx_EnableOverDrive)
    HAL_RCC_ClockConfig                      0x080014c9   Thumb Code   364  stm32f4xx_hal_rcc.o(i.HAL_RCC_ClockConfig)
    HAL_RCC_GetClockConfig                   0x08001645   Thumb Code    54  stm32f4xx_hal_rcc.o(i.HAL_RCC_GetClockConfig)
    HAL_RCC_GetHCLKFreq                      0x08001685   Thumb Code     6  stm32f4xx_hal_rcc.o(i.HAL_RCC_GetHCLKFreq)
    HAL_RCC_GetPCLK1Freq                     0x08001691   Thumb Code    34  stm32f4xx_hal_rcc.o(i.HAL_RCC_GetPCLK1Freq)
    HAL_RCC_GetPCLK2Freq                     0x080016c1   Thumb Code    34  stm32f4xx_hal_rcc.o(i.HAL_RCC_GetPCLK2Freq)
    HAL_RCC_GetSysClockFreq                  0x080016f1   Thumb Code   104  stm32f4xx_hal_rcc.o(i.HAL_RCC_GetSysClockFreq)
    HAL_RCC_OscConfig                        0x08001765   Thumb Code   722  stm32f4xx_hal_rcc.o(i.HAL_RCC_OscConfig)
    HAL_SPI_Init                             0x08001a49   Thumb Code   128  stm32f4xx_hal_spi.o(i.HAL_SPI_Init)
    HAL_SPI_MspInit                          0x08001ac9   Thumb Code    64  spi.o(i.HAL_SPI_MspInit)
    HAL_SYSTICK_CLKSourceConfig              0x08001b15   Thumb Code    24  stm32f4xx_hal_cortex.o(i.HAL_SYSTICK_CLKSourceConfig)
    HAL_SYSTICK_Config                       0x08001b2d   Thumb Code    40  stm32f4xx_hal_cortex.o(i.HAL_SYSTICK_Config)
    HAL_TIMEx_BreakCallback                  0x08001b55   Thumb Code     2  stm32f4xx_hal_tim_ex.o(i.HAL_TIMEx_BreakCallback)
    HAL_TIMEx_CommutationCallback            0x08001b57   Thumb Code     2  stm32f4xx_hal_tim_ex.o(i.HAL_TIMEx_CommutationCallback)
    HAL_TIMEx_ConfigBreakDeadTime            0x08001b59   Thumb Code    66  stm32f4xx_hal_tim_ex.o(i.HAL_TIMEx_ConfigBreakDeadTime)
    HAL_TIMEx_MasterConfigSynchronization    0x08001b9b   Thumb Code    80  stm32f4xx_hal_tim_ex.o(i.HAL_TIMEx_MasterConfigSynchronization)
    HAL_TIM_Base_Init                        0x08001beb   Thumb Code    54  stm32f4xx_hal_tim.o(i.HAL_TIM_Base_Init)
    HAL_TIM_Base_MspInit                     0x08001c21   Thumb Code     2  stm32f4xx_hal_tim.o(i.HAL_TIM_Base_MspInit)
    HAL_TIM_Base_Start_IT                    0x08001c23   Thumb Code    24  stm32f4xx_hal_tim.o(i.HAL_TIM_Base_Start_IT)
    HAL_TIM_IC_CaptureCallback               0x08001c3b   Thumb Code     2  stm32f4xx_hal_tim.o(i.HAL_TIM_IC_CaptureCallback)
    HAL_TIM_IRQHandler                       0x08001c3d   Thumb Code   358  stm32f4xx_hal_tim.o(i.HAL_TIM_IRQHandler)
    HAL_TIM_MspPostInit                      0x08001da5   Thumb Code   224  tim.o(i.HAL_TIM_MspPostInit)
    HAL_TIM_OC_DelayElapsedCallback          0x08001ead   Thumb Code     2  stm32f4xx_hal_tim.o(i.HAL_TIM_OC_DelayElapsedCallback)
    HAL_TIM_PWM_ConfigChannel                0x08001eaf   Thumb Code   208  stm32f4xx_hal_tim.o(i.HAL_TIM_PWM_ConfigChannel)
    HAL_TIM_PWM_Init                         0x08001f7f   Thumb Code    54  stm32f4xx_hal_tim.o(i.HAL_TIM_PWM_Init)
    HAL_TIM_PWM_MspInit                      0x08001fb5   Thumb Code   130  tim.o(i.HAL_TIM_PWM_MspInit)
    HAL_TIM_PWM_PulseFinishedCallback        0x08002051   Thumb Code     2  stm32f4xx_hal_tim.o(i.HAL_TIM_PWM_PulseFinishedCallback)
    HAL_TIM_PWM_Start                        0x08002055   Thumb Code    48  stm32f4xx_hal_tim.o(i.HAL_TIM_PWM_Start)
    HAL_TIM_PeriodElapsedCallback            0x0800208d   Thumb Code    14  main.o(i.HAL_TIM_PeriodElapsedCallback)
    HAL_TIM_TriggerCallback                  0x080020a1   Thumb Code     2  stm32f4xx_hal_tim.o(i.HAL_TIM_TriggerCallback)
    HAL_UART_ErrorCallback                   0x080020a3   Thumb Code     2  stm32f4xx_hal_uart.o(i.HAL_UART_ErrorCallback)
    HAL_UART_IRQHandler                      0x080020a5   Thumb Code   266  stm32f4xx_hal_uart.o(i.HAL_UART_IRQHandler)
    HAL_UART_Init                            0x080021b5   Thumb Code    98  stm32f4xx_hal_uart.o(i.HAL_UART_Init)
    HAL_UART_MspInit                         0x08002219   Thumb Code   554  usart.o(i.HAL_UART_MspInit)
    HAL_UART_Receive_DMA                     0x08002475   Thumb Code   132  stm32f4xx_hal_uart.o(i.HAL_UART_Receive_DMA)
    HAL_UART_RxCpltCallback                  0x08002505   Thumb Code     4  bsp_ibus.o(i.HAL_UART_RxCpltCallback)
    HAL_UART_RxHalfCpltCallback              0x08002509   Thumb Code     2  stm32f4xx_hal_uart.o(i.HAL_UART_RxHalfCpltCallback)
    HAL_UART_Transmit                        0x0800250b   Thumb Code   186  stm32f4xx_hal_uart.o(i.HAL_UART_Transmit)
    HAL_UART_TxCpltCallback                  0x080025c5   Thumb Code     2  stm32f4xx_hal_uart.o(i.HAL_UART_TxCpltCallback)
    HardFault_Handler                        0x080025c7   Thumb Code     2  stm32f4xx_it.o(i.HardFault_Handler)
    MX_CAN1_Init                             0x080025c9   Thumb Code    60  can.o(i.MX_CAN1_Init)
    MX_CAN2_Init                             0x0800260d   Thumb Code    64  can.o(i.MX_CAN2_Init)
    MX_DMA_Init                              0x08002655   Thumb Code   104  dma.o(i.MX_DMA_Init)
    MX_FREERTOS_Init                         0x080026c1   Thumb Code    30  freertos.o(i.MX_FREERTOS_Init)
    MX_GPIO_Init                             0x080026e9   Thumb Code   322  gpio.o(i.MX_GPIO_Init)
    MX_SPI5_Init                             0x08002851   Thumb Code    62  spi.o(i.MX_SPI5_Init)
    MX_TIM12_Init                            0x08002899   Thumb Code    92  tim.o(i.MX_TIM12_Init)
    MX_TIM2_Init                             0x080028fd   Thumb Code   134  tim.o(i.MX_TIM2_Init)
    MX_TIM3_Init                             0x08002989   Thumb Code   102  tim.o(i.MX_TIM3_Init)
    MX_TIM4_Init                             0x080029f9   Thumb Code   132  tim.o(i.MX_TIM4_Init)
    MX_TIM5_Init                             0x08002a85   Thumb Code   144  tim.o(i.MX_TIM5_Init)
    MX_TIM8_Init                             0x08002b1d   Thumb Code   172  tim.o(i.MX_TIM8_Init)
    MX_USART1_UART_Init                      0x08002bd1   Thumb Code    50  usart.o(i.MX_USART1_UART_Init)
    MX_USART2_UART_Init                      0x08002c11   Thumb Code    48  usart.o(i.MX_USART2_UART_Init)
    MX_USART3_UART_Init                      0x08002c49   Thumb Code    48  usart.o(i.MX_USART3_UART_Init)
    MX_USART6_UART_Init                      0x08002c81   Thumb Code    48  usart.o(i.MX_USART6_UART_Init)
    MemManage_Handler                        0x08002cb9   Thumb Code     2  stm32f4xx_it.o(i.MemManage_Handler)
    NMI_Handler                              0x08002cbb   Thumb Code     2  stm32f4xx_it.o(i.NMI_Handler)
    PID_struct_init                          0x08002cdd   Thumb Code    16  pid.o(i.PID_struct_init)
    StartDefaultTask                         0x08002cf5   Thumb Code   264  freertos.o(i.StartDefaultTask)
    SysTick_Handler                          0x08002e35   Thumb Code     4  stm32f4xx_it.o(i.SysTick_Handler)
    SystemClock_Config                       0x08002e39   Thumb Code   156  main.o(i.SystemClock_Config)
    SystemInit                               0x08002edd   Thumb Code    66  system_stm32f4xx.o(i.SystemInit)
    TIM6_DAC_IRQHandler                      0x08002f31   Thumb Code     6  stm32f4xx_it.o(i.TIM6_DAC_IRQHandler)
    TIM_Base_SetConfig                       0x08002f3d   Thumb Code   148  stm32f4xx_hal_tim.o(i.TIM_Base_SetConfig)
    TIM_CCxChannelCmd                        0x08002ffd   Thumb Code    22  stm32f4xx_hal_tim.o(i.TIM_CCxChannelCmd)
    TIM_OC2_SetConfig                        0x0800306d   Thumb Code    90  stm32f4xx_hal_tim.o(i.TIM_OC2_SetConfig)
    USART1_IRQHandler                        0x08003651   Thumb Code     6  stm32f4xx_it.o(i.USART1_IRQHandler)
    USART2_IRQHandler                        0x0800365d   Thumb Code    18  stm32f4xx_it.o(i.USART2_IRQHandler)
    USART3_IRQHandler                        0x08003675   Thumb Code     6  stm32f4xx_it.o(i.USART3_IRQHandler)
    USART6_IRQHandler                        0x08003681   Thumb Code     6  stm32f4xx_it.o(i.USART6_IRQHandler)
    UsageFault_Handler                       0x0800368d   Thumb Code     2  stm32f4xx_it.o(i.UsageFault_Handler)
    __0snprintf$8                            0x08003691   Thumb Code    48  printf8.o(i.__0snprintf$8)
    __1snprintf$8                            0x08003691   Thumb Code     0  printf8.o(i.__0snprintf$8)
    __2snprintf                              0x08003691   Thumb Code     0  printf8.o(i.__0snprintf$8)
    __scatterload_copy                       0x080036c5   Thumb Code    14  handlers.o(i.__scatterload_copy)
    __scatterload_null                       0x080036d3   Thumb Code     2  handlers.o(i.__scatterload_null)
    __scatterload_zeroinit                   0x080036d5   Thumb Code    14  handlers.o(i.__scatterload_zeroinit)
    abs_limit                                0x08003b51   Thumb Code    42  pid.o(i.abs_limit)
    get_moto_measure                         0x08003c8d   Thumb Code    74  bsp_can.o(i.get_moto_measure)
    get_moto_offset                          0x08003cd7   Thumb Code    12  bsp_can.o(i.get_moto_offset)
    ibus_get_state                           0x08003ce5   Thumb Code    80  bsp_ibus.o(i.ibus_get_state)
    ibus_init                                0x08003d39   Thumb Code    64  bsp_ibus.o(i.ibus_init)
    ibus_poll_link_state                     0x08003df9   Thumb Code    44  bsp_ibus.o(i.ibus_poll_link_state)
    ibus_uart_idle_irq_handler               0x08003f91   Thumb Code    94  bsp_ibus.o(i.ibus_uart_idle_irq_handler)
    ibus_uart_rx_complete_handler            0x08003ff9   Thumb Code    40  bsp_ibus.o(i.ibus_uart_rx_complete_handler)
    main                                     0x08004029   Thumb Code    78  main.o(i.main)
    my_can_filter_init_recv_all              0x080040a9   Thumb Code    84  bsp_can.o(i.my_can_filter_init_recv_all)
    osDelay                                  0x08004109   Thumb Code    14  cmsis_os.o(i.osDelay)
    osKernelStart                            0x08004117   Thumb Code    10  cmsis_os.o(i.osKernelStart)
    osSystickHandler                         0x08004121   Thumb Code    20  cmsis_os.o(i.osSystickHandler)
    osThreadCreate                           0x08004135   Thumb Code    56  cmsis_os.o(i.osThreadCreate)
    pid_calc                                 0x0800416d   Thumb Code   448  pid.o(i.pid_calc)
    pid_reset_dynamic_state                  0x08004345   Thumb Code    70  pid.o(i.pid_reset_dynamic_state)
    pvPortMalloc                             0x08004521   Thumb Code   210  heap_4.o(i.pvPortMalloc)
    pxPortInitialiseStack                    0x080045f9   Thumb Code    36  port.o(i.pxPortInitialiseStack)
    remote_control_get                       0x08004669   Thumb Code   116  remote_control.o(i.remote_control_get)
    remote_control_init                      0x080046e1   Thumb Code    92  remote_control.o(i.remote_control_init)
    remote_control_set_motor_feedback_online 0x08004745   Thumb Code     2  remote_control.o(i.remote_control_set_motor_feedback_online)
    remote_control_update                    0x08004749   Thumb Code   624  remote_control.o(i.remote_control_update)
    set_moto_current                         0x08005295   Thumb Code    76  bsp_can.o(i.set_moto_current)
    set_moto_current_5_8                     0x080052e1   Thumb Code    76  bsp_can.o(i.set_moto_current_5_8)
    uxListRemove                             0x08005351   Thumb Code    36  list.o(i.uxListRemove)
    vListInitialise                          0x08005375   Thumb Code    22  list.o(i.vListInitialise)
    vListInitialiseItem                      0x0800538b   Thumb Code     6  list.o(i.vListInitialiseItem)
    vListInsert                              0x08005391   Thumb Code    48  list.o(i.vListInsert)
    vListInsertEnd                           0x080053c1   Thumb Code    24  list.o(i.vListInsertEnd)
    vPortEnterCritical                       0x080053d9   Thumb Code    54  port.o(i.vPortEnterCritical)
    vPortExitCritical                        0x08005419   Thumb Code    34  port.o(i.vPortExitCritical)
    vPortFree                                0x08005441   Thumb Code    88  heap_4.o(i.vPortFree)
    vPortSetupTimerInterrupt                 0x0800549d   Thumb Code    26  port.o(i.vPortSetupTimerInterrupt)
    vTaskDelay                               0x080054bd   Thumb Code    94  tasks.o(i.vTaskDelay)
    vTaskStartScheduler                      0x08005525   Thumb Code    86  tasks.o(i.vTaskStartScheduler)
    vTaskSuspendAll                          0x0800558d   Thumb Code    10  tasks.o(i.vTaskSuspendAll)
    vTaskSwitchContext                       0x0800559d   Thumb Code    82  tasks.o(i.vTaskSwitchContext)
    xPortStartScheduler                      0x080055f9   Thumb Code   202  port.o(i.xPortStartScheduler)
    xPortSysTickHandler                      0x080056d9   Thumb Code    38  port.o(i.xPortSysTickHandler)
    xTaskGenericCreate                       0x08005705   Thumb Code   430  tasks.o(i.xTaskGenericCreate)
    xTaskGetSchedulerState                   0x080058c1   Thumb Code    22  tasks.o(i.xTaskGetSchedulerState)
    xTaskIncrementTick                       0x080058dd   Thumb Code   194  tasks.o(i.xTaskIncrementTick)
    xTaskResumeAll                           0x080059a9   Thumb Code   182  tasks.o(i.xTaskResumeAll)
    APBAHBPrescTable                         0x08005a74   Data          16  stm32f4xx_hal_rcc.o(.constdata)
    Region$$Table$$Base                      0x08005bd4   Number         0  anon$$obj.o(Region$$Table)
    Region$$Table$$Limit                     0x08005bf4   Number         0  anon$$obj.o(Region$$Table)
    uwTick                                   0x20000000   Data           4  stm32f4xx_hal.o(.data)
    SystemCoreClock                          0x20000004   Data           4  system_stm32f4xx.o(.data)
    pxCurrentTCB                             0x20000008   Data           4  tasks.o(.data)
    defaultTaskHandle                        0x2000007c   Data           4  freertos.o(.data)
    htim2                                    0x20003db4   Data          60  tim.o(.bss)
    htim3                                    0x20003df0   Data          60  tim.o(.bss)
    htim4                                    0x20003e2c   Data          60  tim.o(.bss)
    htim5                                    0x20003e68   Data          60  tim.o(.bss)
    htim8                                    0x20003ea4   Data          60  tim.o(.bss)
    htim12                                   0x20003ee0   Data          60  tim.o(.bss)
    huart1                                   0x20003f1c   Data          64  usart.o(.bss)
    huart2                                   0x20003f5c   Data          64  usart.o(.bss)
    huart3                                   0x20003f9c   Data          64  usart.o(.bss)
    huart6                                   0x20003fdc   Data          64  usart.o(.bss)
    hdma_usart1_rx                           0x2000401c   Data          96  usart.o(.bss)
    hdma_usart2_rx                           0x2000407c   Data          96  usart.o(.bss)
    hdma_usart3_rx                           0x200040dc   Data          96  usart.o(.bss)
    hdma_usart6_rx                           0x2000413c   Data          96  usart.o(.bss)
    set_spd                                  0x200043cc   Data          16  freertos.o(.bss)
    remote_drive_debug                       0x200043dc   Data          11  freertos.o(.bss)
    htim6                                    0x200043f8   Data          60  stm32f4xx_hal_timebase_tim.o(.bss)
    hspi5                                    0x20004434   Data          88  spi.o(.bss)
    hcan1                                    0x2000448c   Data          64  can.o(.bss)
    hcan2                                    0x200044cc   Data          64  can.o(.bss)
    moto_chassis                             0x2000450c   Data         192  bsp_can.o(.bss)
    moto_info                                0x2000464c   Data          48  bsp_can.o(.bss)
    ibus_state                               0x200047f8   Data          44  bsp_ibus.o(.bss)
    remote_cmd                               0x200048a4   Data          48  remote_control.o(.bss)
    pid_spd                                  0x200048d4   Data         432  pid.o(.bss)
    __initial_sp                             0x20004e88   Data           0  startup_stm32f427xx.o(STACK)



==============================================================================

Memory Map of the image

  Image Entry point : 0x080001ad

  Load Region LR_IROM1 (Base: 0x08000000, Size: 0x00005cb8, Max: 0x00200000, ABSOLUTE)

    Execution Region ER_IROM1 (Exec base: 0x08000000, Load base: 0x08000000, Size: 0x00005bf4, Max: 0x00200000, ABSOLUTE)

    Exec Addr    Load Addr    Size         Type   Attr      Idx    E Section Name        Object

    0x08000000   0x08000000   0x000001ac   Data   RO         3816    RESET               startup_stm32f427xx.o
    0x080001ac   0x080001ac   0x00000000   Code   RO         5065  * .ARM.Collect$$$$00000000  mc_w.l(entry.o)
    0x080001ac   0x080001ac   0x00000004   Code   RO         5337    .ARM.Collect$$$$00000001  mc_w.l(entry2.o)
    0x080001b0   0x080001b0   0x00000004   Code   RO         5340    .ARM.Collect$$$$00000004  mc_w.l(entry5.o)
    0x080001b4   0x080001b4   0x00000000   Code   RO         5342    .ARM.Collect$$$$00000008  mc_w.l(entry7b.o)
    0x080001b4   0x080001b4   0x00000000   Code   RO         5344    .ARM.Collect$$$$0000000A  mc_w.l(entry8b.o)
    0x080001b4   0x080001b4   0x00000008   Code   RO         5345    .ARM.Collect$$$$0000000B  mc_w.l(entry9a.o)
    0x080001bc   0x080001bc   0x00000004   Code   RO         5352    .ARM.Collect$$$$0000000E  mc_w.l(entry12b.o)
    0x080001c0   0x080001c0   0x00000000   Code   RO         5347    .ARM.Collect$$$$0000000F  mc_w.l(entry10a.o)
    0x080001c0   0x080001c0   0x00000000   Code   RO         5349    .ARM.Collect$$$$00000011  mc_w.l(entry11a.o)
    0x080001c0   0x080001c0   0x00000004   Code   RO         5338    .ARM.Collect$$$$00002712  mc_w.l(entry2.o)
    0x080001c4   0x080001c4   0x000000ba   Code   RO         3691    .emb_text           port.o
    0x0800027e   0x0800027e   0x00000002   PAD
    0x08000280   0x08000280   0x00000024   Code   RO         3817    .text               startup_stm32f427xx.o
    0x080002a4   0x080002a4   0x00000024   Code   RO         5068    .text               mc_w.l(memcpya.o)
    0x080002c8   0x080002c8   0x00000024   Code   RO         5070    .text               mc_w.l(memseta.o)
    0x080002ec   0x080002ec   0x0000000e   Code   RO         5072    .text               mc_w.l(strlen.o)
    0x080002fa   0x080002fa   0x00000062   Code   RO         5358    .text               mc_w.l(uldiv.o)
    0x0800035c   0x0800035c   0x00000024   Code   RO         5371    .text               mc_w.l(init.o)
    0x08000380   0x08000380   0x0000001e   Code   RO         5374    .text               mc_w.l(llshl.o)
    0x0800039e   0x0800039e   0x00000020   Code   RO         5376    .text               mc_w.l(llushr.o)
    0x080003be   0x080003be   0x00000002   Code   RO         4487    i.BusFault_Handler  stm32f4xx_it.o
    0x080003c0   0x080003c0   0x0000000c   Code   RO         4488    i.CAN1_RX0_IRQHandler  stm32f4xx_it.o
    0x080003cc   0x080003cc   0x0000000c   Code   RO         4489    i.CAN1_TX_IRQHandler  stm32f4xx_it.o
    0x080003d8   0x080003d8   0x0000000c   Code   RO         4490    i.CAN2_RX0_IRQHandler  stm32f4xx_it.o
    0x080003e4   0x080003e4   0x0000000c   Code   RO         4491    i.CAN2_TX_IRQHandler  stm32f4xx_it.o
    0x080003f0   0x080003f0   0x00000128   Code   RO            4    i.CAN_Receive_IT    stm32f4xx_hal_can.o
    0x08000518   0x08000518   0x00000060   Code   RO            5    i.CAN_Transmit_IT   stm32f4xx_hal_can.o
    0x08000578   0x08000578   0x0000000c   Code   RO         4492    i.DMA1_Stream1_IRQHandler  stm32f4xx_it.o
    0x08000584   0x08000584   0x0000000c   Code   RO         4493    i.DMA1_Stream5_IRQHandler  stm32f4xx_it.o
    0x08000590   0x08000590   0x0000000c   Code   RO         4494    i.DMA2_Stream1_IRQHandler  stm32f4xx_it.o
    0x0800059c   0x0800059c   0x0000000c   Code   RO         4495    i.DMA2_Stream2_IRQHandler  stm32f4xx_it.o
    0x080005a8   0x080005a8   0x00000028   Code   RO         2490    i.DMA_CalcBaseAndBitshift  stm32f4xx_hal_dma.o
    0x080005d0   0x080005d0   0x00000054   Code   RO         2491    i.DMA_CheckFifoParam  stm32f4xx_hal_dma.o
    0x08000624   0x08000624   0x00000028   Code   RO         2492    i.DMA_SetConfig     stm32f4xx_hal_dma.o
    0x0800064c   0x0800064c   0x00000002   Code   RO         4496    i.DebugMon_Handler  stm32f4xx_it.o
    0x0800064e   0x0800064e   0x00000002   Code   RO         3824    i.Error_Handler     main.o
    0x08000650   0x08000650   0x000000e4   Code   RO            6    i.HAL_CAN_ConfigFilter  stm32f4xx_hal_can.o
    0x08000734   0x08000734   0x00000002   Code   RO            8    i.HAL_CAN_ErrorCallback  stm32f4xx_hal_can.o
    0x08000736   0x08000736   0x00000002   PAD
    0x08000738   0x08000738   0x00000180   Code   RO           11    i.HAL_CAN_IRQHandler  stm32f4xx_hal_can.o
    0x080008b8   0x080008b8   0x00000148   Code   RO           12    i.HAL_CAN_Init      stm32f4xx_hal_can.o
    0x08000a00   0x08000a00   0x000000e0   Code   RO         4643    i.HAL_CAN_MspInit   can.o
    0x08000ae0   0x08000ae0   0x00000086   Code   RO           16    i.HAL_CAN_Receive_IT  stm32f4xx_hal_can.o
    0x08000b66   0x08000b66   0x00000002   PAD
    0x08000b68   0x08000b68   0x0000008c   Code   RO         4691    i.HAL_CAN_RxCpltCallback  bsp_can.o
    0x08000bf4   0x08000bf4   0x000001a8   Code   RO           19    i.HAL_CAN_Transmit  stm32f4xx_hal_can.o
    0x08000d9c   0x08000d9c   0x00000002   Code   RO           21    i.HAL_CAN_TxCpltCallback  stm32f4xx_hal_can.o
    0x08000d9e   0x08000d9e   0x00000024   Code   RO         2494    i.HAL_DMA_Abort_IT  stm32f4xx_hal_dma.o
    0x08000dc2   0x08000dc2   0x00000002   PAD
    0x08000dc4   0x08000dc4   0x000001a8   Code   RO         2498    i.HAL_DMA_IRQHandler  stm32f4xx_hal_dma.o
    0x08000f6c   0x08000f6c   0x000000d0   Code   RO         2499    i.HAL_DMA_Init      stm32f4xx_hal_dma.o
    0x0800103c   0x0800103c   0x00000078   Code   RO         2503    i.HAL_DMA_Start_IT  stm32f4xx_hal_dma.o
    0x080010b4   0x080010b4   0x00000016   Code   RO         1040    i.HAL_Delay         stm32f4xx_hal.o
    0x080010ca   0x080010ca   0x00000002   PAD
    0x080010cc   0x080010cc   0x000001cc   Code   RO          239    i.HAL_GPIO_Init     stm32f4xx_hal_gpio.o
    0x08001298   0x08001298   0x0000000a   Code   RO          243    i.HAL_GPIO_WritePin  stm32f4xx_hal_gpio.o
    0x080012a2   0x080012a2   0x00000002   PAD
    0x080012a4   0x080012a4   0x0000000c   Code   RO         1048    i.HAL_GetTick       stm32f4xx_hal.o
    0x080012b0   0x080012b0   0x00000010   Code   RO         1049    i.HAL_IncTick       stm32f4xx_hal.o
    0x080012c0   0x080012c0   0x00000034   Code   RO         1050    i.HAL_Init          stm32f4xx_hal.o
    0x080012f4   0x080012f4   0x00000074   Code   RO         4381    i.HAL_InitTick      stm32f4xx_hal_timebase_tim.o
    0x08001368   0x08001368   0x00000058   Code   RO         3981    i.HAL_MspInit       stm32f4xx_hal_msp.o
    0x080013c0   0x080013c0   0x00000016   Code   RO          523    i.HAL_NVIC_EnableIRQ  stm32f4xx_hal_cortex.o
    0x080013d6   0x080013d6   0x00000002   PAD
    0x080013d8   0x080013d8   0x00000040   Code   RO          529    i.HAL_NVIC_SetPriority  stm32f4xx_hal_cortex.o
    0x08001418   0x08001418   0x00000024   Code   RO          530    i.HAL_NVIC_SetPriorityGrouping  stm32f4xx_hal_cortex.o
    0x0800143c   0x0800143c   0x0000008c   Code   RO         1234    i.HAL_PWREx_EnableOverDrive  stm32f4xx_hal_pwr_ex.o
    0x080014c8   0x080014c8   0x0000017c   Code   RO         2597    i.HAL_RCC_ClockConfig  stm32f4xx_hal_rcc.o
    0x08001644   0x08001644   0x00000040   Code   RO         2601    i.HAL_RCC_GetClockConfig  stm32f4xx_hal_rcc.o
    0x08001684   0x08001684   0x0000000c   Code   RO         2602    i.HAL_RCC_GetHCLKFreq  stm32f4xx_hal_rcc.o
    0x08001690   0x08001690   0x00000030   Code   RO         2604    i.HAL_RCC_GetPCLK1Freq  stm32f4xx_hal_rcc.o
    0x080016c0   0x080016c0   0x00000030   Code   RO         2605    i.HAL_RCC_GetPCLK2Freq  stm32f4xx_hal_rcc.o
    0x080016f0   0x080016f0   0x00000074   Code   RO         2606    i.HAL_RCC_GetSysClockFreq  stm32f4xx_hal_rcc.o
    0x08001764   0x08001764   0x000002e4   Code   RO         2609    i.HAL_RCC_OscConfig  stm32f4xx_hal_rcc.o
    0x08001a48   0x08001a48   0x00000080   Code   RO         1308    i.HAL_SPI_Init      stm32f4xx_hal_spi.o
    0x08001ac8   0x08001ac8   0x0000004c   Code   RO         4446    i.HAL_SPI_MspInit   spi.o
    0x08001b14   0x08001b14   0x00000018   Code   RO          532    i.HAL_SYSTICK_CLKSourceConfig  stm32f4xx_hal_cortex.o
    0x08001b2c   0x08001b2c   0x00000028   Code   RO          534    i.HAL_SYSTICK_Config  stm32f4xx_hal_cortex.o
    0x08001b54   0x08001b54   0x00000002   Code   RO         1579    i.HAL_TIMEx_BreakCallback  stm32f4xx_hal_tim_ex.o
    0x08001b56   0x08001b56   0x00000002   Code   RO         1580    i.HAL_TIMEx_CommutationCallback  stm32f4xx_hal_tim_ex.o
    0x08001b58   0x08001b58   0x00000042   Code   RO         1581    i.HAL_TIMEx_ConfigBreakDeadTime  stm32f4xx_hal_tim_ex.o
    0x08001b9a   0x08001b9a   0x00000050   Code   RO         1596    i.HAL_TIMEx_MasterConfigSynchronization  stm32f4xx_hal_tim_ex.o
    0x08001bea   0x08001bea   0x00000036   Code   RO         1820    i.HAL_TIM_Base_Init  stm32f4xx_hal_tim.o
    0x08001c20   0x08001c20   0x00000002   Code   RO         1822    i.HAL_TIM_Base_MspInit  stm32f4xx_hal_tim.o
    0x08001c22   0x08001c22   0x00000018   Code   RO         1825    i.HAL_TIM_Base_Start_IT  stm32f4xx_hal_tim.o
    0x08001c3a   0x08001c3a   0x00000002   Code   RO         1849    i.HAL_TIM_IC_CaptureCallback  stm32f4xx_hal_tim.o
    0x08001c3c   0x08001c3c   0x00000166   Code   RO         1862    i.HAL_TIM_IRQHandler  stm32f4xx_hal_tim.o
    0x08001da2   0x08001da2   0x00000002   PAD
    0x08001da4   0x08001da4   0x00000108   Code   RO         3903    i.HAL_TIM_MspPostInit  tim.o
    0x08001eac   0x08001eac   0x00000002   Code   RO         1865    i.HAL_TIM_OC_DelayElapsedCallback  stm32f4xx_hal_tim.o
    0x08001eae   0x08001eae   0x000000d0   Code   RO         1886    i.HAL_TIM_PWM_ConfigChannel  stm32f4xx_hal_tim.o
    0x08001f7e   0x08001f7e   0x00000036   Code   RO         1889    i.HAL_TIM_PWM_Init  stm32f4xx_hal_tim.o
    0x08001fb4   0x08001fb4   0x0000009c   Code   RO         3905    i.HAL_TIM_PWM_MspInit  tim.o
    0x08002050   0x08002050   0x00000002   Code   RO         1892    i.HAL_TIM_PWM_PulseFinishedCallback  stm32f4xx_hal_tim.o
    0x08002052   0x08002052   0x00000002   PAD
    0x08002054   0x08002054   0x00000038   Code   RO         1893    i.HAL_TIM_PWM_Start  stm32f4xx_hal_tim.o
    0x0800208c   0x0800208c   0x00000014   Code   RO         3825    i.HAL_TIM_PeriodElapsedCallback  main.o
    0x080020a0   0x080020a0   0x00000002   Code   RO         1903    i.HAL_TIM_TriggerCallback  stm32f4xx_hal_tim.o
    0x080020a2   0x080020a2   0x00000002   Code   RO          793    i.HAL_UART_ErrorCallback  stm32f4xx_hal_uart.o
    0x080020a4   0x080020a4   0x00000110   Code   RO          796    i.HAL_UART_IRQHandler  stm32f4xx_hal_uart.o
    0x080021b4   0x080021b4   0x00000062   Code   RO          797    i.HAL_UART_Init     stm32f4xx_hal_uart.o
    0x08002216   0x08002216   0x00000002   PAD
    0x08002218   0x08002218   0x0000025c   Code   RO         4006    i.HAL_UART_MspInit  usart.o
    0x08002474   0x08002474   0x00000090   Code   RO          801    i.HAL_UART_Receive_DMA  stm32f4xx_hal_uart.o
    0x08002504   0x08002504   0x00000004   Code   RO         4791    i.HAL_UART_RxCpltCallback  bsp_ibus.o
    0x08002508   0x08002508   0x00000002   Code   RO          804    i.HAL_UART_RxHalfCpltCallback  stm32f4xx_hal_uart.o
    0x0800250a   0x0800250a   0x000000ba   Code   RO          805    i.HAL_UART_Transmit  stm32f4xx_hal_uart.o
    0x080025c4   0x080025c4   0x00000002   Code   RO          808    i.HAL_UART_TxCpltCallback  stm32f4xx_hal_uart.o
    0x080025c6   0x080025c6   0x00000002   Code   RO         4497    i.HardFault_Handler  stm32f4xx_it.o
    0x080025c8   0x080025c8   0x00000044   Code   RO         4644    i.MX_CAN1_Init      can.o
    0x0800260c   0x0800260c   0x00000048   Code   RO         4645    i.MX_CAN2_Init      can.o
    0x08002654   0x08002654   0x0000006c   Code   RO         4065    i.MX_DMA_Init       dma.o
    0x080026c0   0x080026c0   0x00000028   Code   RO         4088    i.MX_FREERTOS_Init  freertos.o
    0x080026e8   0x080026e8   0x00000168   Code   RO         4421    i.MX_GPIO_Init      gpio.o
    0x08002850   0x08002850   0x00000048   Code   RO         4447    i.MX_SPI5_Init      spi.o
    0x08002898   0x08002898   0x00000064   Code   RO         3906    i.MX_TIM12_Init     tim.o
    0x080028fc   0x080028fc   0x0000008c   Code   RO         3907    i.MX_TIM2_Init      tim.o
    0x08002988   0x08002988   0x00000070   Code   RO         3908    i.MX_TIM3_Init      tim.o
    0x080029f8   0x080029f8   0x0000008c   Code   RO         3909    i.MX_TIM4_Init      tim.o
    0x08002a84   0x08002a84   0x00000098   Code   RO         3910    i.MX_TIM5_Init      tim.o
    0x08002b1c   0x08002b1c   0x000000b4   Code   RO         3911    i.MX_TIM8_Init      tim.o
    0x08002bd0   0x08002bd0   0x00000040   Code   RO         4007    i.MX_USART1_UART_Init  usart.o
    0x08002c10   0x08002c10   0x00000038   Code   RO         4008    i.MX_USART2_UART_Init  usart.o
    0x08002c48   0x08002c48   0x00000038   Code   RO         4009    i.MX_USART3_UART_Init  usart.o
    0x08002c80   0x08002c80   0x00000038   Code   RO         4010    i.MX_USART6_UART_Init  usart.o
    0x08002cb8   0x08002cb8   0x00000002   Code   RO         4498    i.MemManage_Handler  stm32f4xx_it.o
    0x08002cba   0x08002cba   0x00000002   Code   RO         4499    i.NMI_Handler       stm32f4xx_it.o
    0x08002cbc   0x08002cbc   0x00000020   Code   RO          536    i.NVIC_SetPriority  stm32f4xx_hal_cortex.o
    0x08002cdc   0x08002cdc   0x00000018   Code   RO         4991    i.PID_struct_init   pid.o
    0x08002cf4   0x08002cf4   0x00000140   Code   RO         4089    i.StartDefaultTask  freertos.o
    0x08002e34   0x08002e34   0x00000004   Code   RO         4500    i.SysTick_Handler   stm32f4xx_it.o
    0x08002e38   0x08002e38   0x000000a4   Code   RO         3826    i.SystemClock_Config  main.o
    0x08002edc   0x08002edc   0x00000054   Code   RO         2702    i.SystemInit        system_stm32f4xx.o
    0x08002f30   0x08002f30   0x0000000c   Code   RO         4501    i.TIM6_DAC_IRQHandler  stm32f4xx_it.o
    0x08002f3c   0x08002f3c   0x000000c0   Code   RO         1904    i.TIM_Base_SetConfig  stm32f4xx_hal_tim.o
    0x08002ffc   0x08002ffc   0x00000016   Code   RO         1905    i.TIM_CCxChannelCmd  stm32f4xx_hal_tim.o
    0x08003012   0x08003012   0x00000002   PAD
    0x08003014   0x08003014   0x00000058   Code   RO         1913    i.TIM_OC1_SetConfig  stm32f4xx_hal_tim.o
    0x0800306c   0x0800306c   0x00000064   Code   RO         1914    i.TIM_OC2_SetConfig  stm32f4xx_hal_tim.o
    0x080030d0   0x080030d0   0x00000060   Code   RO         1915    i.TIM_OC3_SetConfig  stm32f4xx_hal_tim.o
    0x08003130   0x08003130   0x00000050   Code   RO         1916    i.TIM_OC4_SetConfig  stm32f4xx_hal_tim.o
    0x08003180   0x08003180   0x00000010   Code   RO          810    i.UART_DMAAbortOnError  stm32f4xx_hal_uart.o
    0x08003190   0x08003190   0x0000004a   Code   RO          811    i.UART_DMAError     stm32f4xx_hal_uart.o
    0x080031da   0x080031da   0x0000003c   Code   RO          812    i.UART_DMAReceiveCplt  stm32f4xx_hal_uart.o
    0x08003216   0x08003216   0x0000000a   Code   RO          813    i.UART_DMARxHalfCplt  stm32f4xx_hal_uart.o
    0x08003220   0x08003220   0x0000001c   Code   RO          816    i.UART_EndRxTransfer  stm32f4xx_hal_uart.o
    0x0800323c   0x0800323c   0x00000012   Code   RO          817    i.UART_EndTxTransfer  stm32f4xx_hal_uart.o
    0x0800324e   0x0800324e   0x0000008c   Code   RO          818    i.UART_Receive_IT   stm32f4xx_hal_uart.o
    0x080032da   0x080032da   0x00000002   PAD
    0x080032dc   0x080032dc   0x000002ac   Code   RO          819    i.UART_SetConfig    stm32f4xx_hal_uart.o
    0x08003588   0x08003588   0x00000062   Code   RO          820    i.UART_Transmit_IT  stm32f4xx_hal_uart.o
    0x080035ea   0x080035ea   0x00000064   Code   RO          821    i.UART_WaitOnFlagUntilTimeout  stm32f4xx_hal_uart.o
    0x0800364e   0x0800364e   0x00000002   PAD
    0x08003650   0x08003650   0x0000000c   Code   RO         4502    i.USART1_IRQHandler  stm32f4xx_it.o
    0x0800365c   0x0800365c   0x00000018   Code   RO         4503    i.USART2_IRQHandler  stm32f4xx_it.o
    0x08003674   0x08003674   0x0000000c   Code   RO         4504    i.USART3_IRQHandler  stm32f4xx_it.o
    0x08003680   0x08003680   0x0000000c   Code   RO         4505    i.USART6_IRQHandler  stm32f4xx_it.o
    0x0800368c   0x0800368c   0x00000002   Code   RO         4506    i.UsageFault_Handler  stm32f4xx_it.o
    0x0800368e   0x0800368e   0x00000002   PAD
    0x08003690   0x08003690   0x00000034   Code   RO         5284    i.__0snprintf$8     mc_w.l(printf8.o)
    0x080036c4   0x080036c4   0x0000000e   Code   RO         5385    i.__scatterload_copy  mc_w.l(handlers.o)
    0x080036d2   0x080036d2   0x00000002   Code   RO         5386    i.__scatterload_null  mc_w.l(handlers.o)
    0x080036d4   0x080036d4   0x0000000e   Code   RO         5387    i.__scatterload_zeroinit  mc_w.l(handlers.o)
    0x080036e2   0x080036e2   0x00000002   PAD
    0x080036e4   0x080036e4   0x00000404   Code   RO         5290    i._printf_core      mc_w.l(printf8.o)
    0x08003ae8   0x08003ae8   0x00000024   Code   RO         5291    i._printf_post_padding  mc_w.l(printf8.o)
    0x08003b0c   0x08003b0c   0x0000002e   Code   RO         5292    i._printf_pre_padding  mc_w.l(printf8.o)
    0x08003b3a   0x08003b3a   0x00000016   Code   RO         5293    i._snputc           mc_w.l(printf8.o)
    0x08003b50   0x08003b50   0x0000002a   Code   RO         4992    i.abs_limit         pid.o
    0x08003b7a   0x08003b7a   0x00000020   Code   RO         4090    i.clamp_float       freertos.o
    0x08003b9a   0x08003b9a   0x00000010   Code   RO         4091    i.clamp_s16         freertos.o
    0x08003baa   0x08003baa   0x00000002   PAD
    0x08003bac   0x08003bac   0x0000002c   Code   RO         4092    i.drive_float_to_centi  freertos.o
    0x08003bd8   0x08003bd8   0x00000026   Code   RO         4093    i.drive_float_to_deci  freertos.o
    0x08003bfe   0x08003bfe   0x00000002   PAD
    0x08003c00   0x08003c00   0x0000008c   Code   RO         4094    i.drive_reason_text  freertos.o
    0x08003c8c   0x08003c8c   0x0000004a   Code   RO         4694    i.get_moto_measure  bsp_can.o
    0x08003cd6   0x08003cd6   0x0000000c   Code   RO         4695    i.get_moto_offset   bsp_can.o
    0x08003ce2   0x08003ce2   0x00000002   PAD
    0x08003ce4   0x08003ce4   0x00000054   Code   RO         4794    i.ibus_get_state    bsp_ibus.o
    0x08003d38   0x08003d38   0x00000048   Code   RO         4795    i.ibus_init         bsp_ibus.o
    0x08003d80   0x08003d80   0x0000001a   Code   RO         4797    i.ibus_parse_buffer  bsp_ibus.o
    0x08003d9a   0x08003d9a   0x00000002   PAD
    0x08003d9c   0x08003d9c   0x0000005c   Code   RO         4798    i.ibus_parse_byte   bsp_ibus.o
    0x08003df8   0x08003df8   0x00000030   Code   RO         4799    i.ibus_poll_link_state  bsp_ibus.o
    0x08003e28   0x08003e28   0x00000090   Code   RO         4800    i.ibus_process_frame  bsp_ibus.o
    0x08003eb8   0x08003eb8   0x00000024   Code   RO         4801    i.ibus_set_serial_online_unsafe  bsp_ibus.o
    0x08003edc   0x08003edc   0x00000028   Code   RO         4802    i.ibus_start_dma    bsp_ibus.o
    0x08003f04   0x08003f04   0x0000008a   Code   RO         4803    i.ibus_stop_dma_from_irq  bsp_ibus.o
    0x08003f8e   0x08003f8e   0x00000002   PAD
    0x08003f90   0x08003f90   0x00000068   Code   RO         4806    i.ibus_uart_idle_irq_handler  bsp_ibus.o
    0x08003ff8   0x08003ff8   0x00000030   Code   RO         4807    i.ibus_uart_rx_complete_handler  bsp_ibus.o
    0x08004028   0x08004028   0x0000004e   Code   RO         3827    i.main              main.o
    0x08004076   0x08004076   0x0000000c   Code   RO         3274    i.makeFreeRtosPriority  cmsis_os.o
    0x08004082   0x08004082   0x00000002   PAD
    0x08004084   0x08004084   0x00000024   Code   RO         4095    i.motor_feedback_online  freertos.o
    0x080040a8   0x080040a8   0x00000060   Code   RO         4697    i.my_can_filter_init_recv_all  bsp_can.o
    0x08004108   0x08004108   0x0000000e   Code   RO         3275    i.osDelay           cmsis_os.o
    0x08004116   0x08004116   0x0000000a   Code   RO         3278    i.osKernelStart     cmsis_os.o
    0x08004120   0x08004120   0x00000014   Code   RO         3307    i.osSystickHandler  cmsis_os.o
    0x08004134   0x08004134   0x00000038   Code   RO         3308    i.osThreadCreate    cmsis_os.o
    0x0800416c   0x0800416c   0x000001c4   Code   RO         4993    i.pid_calc          pid.o
    0x08004330   0x08004330   0x0000000e   Code   RO         4994    i.pid_param_init    pid.o
    0x0800433e   0x0800433e   0x00000006   Code   RO         4995    i.pid_reset         pid.o
    0x08004344   0x08004344   0x0000004c   Code   RO         4996    i.pid_reset_dynamic_state  pid.o
    0x08004390   0x08004390   0x00000034   Code   RO         2735    i.prvAddCurrentTaskToDelayedList  tasks.o
    0x080043c4   0x080043c4   0x00000054   Code   RO         2736    i.prvCheckTasksWaitingTermination  tasks.o
    0x08004418   0x08004418   0x0000004c   Code   RO         3756    i.prvHeapInit       heap_4.o
    0x08004464   0x08004464   0x00000028   Code   RO         2737    i.prvIdleTask       tasks.o
    0x0800448c   0x0800448c   0x0000004c   Code   RO         3757    i.prvInsertBlockIntoFreeList  heap_4.o
    0x080044d8   0x080044d8   0x00000020   Code   RO         2739    i.prvResetNextTaskUnblockTime  tasks.o
    0x080044f8   0x080044f8   0x00000028   Code   RO         3692    i.prvTaskExitError  port.o
    0x08004520   0x08004520   0x000000d8   Code   RO         3758    i.pvPortMalloc      heap_4.o
    0x080045f8   0x080045f8   0x00000028   Code   RO         3693    i.pxPortInitialiseStack  port.o
    0x08004620   0x08004620   0x00000026   Code   RO         4096    i.ramp_float        freertos.o
    0x08004646   0x08004646   0x00000020   Code   RO         4918    i.remote_clamp_float  remote_control.o
    0x08004666   0x08004666   0x00000002   PAD
    0x08004668   0x08004668   0x00000078   Code   RO         4919    i.remote_control_get  remote_control.o
    0x080046e0   0x080046e0   0x00000064   Code   RO         4920    i.remote_control_init  remote_control.o
    0x08004744   0x08004744   0x00000002   Code   RO         4921    i.remote_control_set_motor_feedback_online  remote_control.o
    0x08004746   0x08004746   0x00000002   PAD
    0x08004748   0x08004748   0x00000278   Code   RO         4922    i.remote_control_update  remote_control.o
    0x080049c0   0x080049c0   0x000002a0   Code   RO         4097    i.remote_drive_control_task  freertos.o
    0x08004c60   0x08004c60   0x0000009c   Code   RO         4098    i.remote_drive_debug_update  freertos.o
    0x08004cfc   0x08004cfc   0x0000006c   Code   RO         4099    i.remote_drive_led_phase_on  freertos.o
    0x08004d68   0x08004d68   0x00000048   Code   RO         4100    i.remote_drive_led_task  freertos.o
    0x08004db0   0x08004db0   0x00000198   Code   RO         4101    i.remote_drive_print_led_status  freertos.o
    0x08004f48   0x08004f48   0x000001d8   Code   RO         4102    i.remote_drive_print_status  freertos.o
    0x08005120   0x08005120   0x0000005c   Code   RO         4103    i.remote_drive_send_currents  freertos.o
    0x0800517c   0x0800517c   0x00000088   Code   RO         4923    i.remote_map_channel  remote_control.o
    0x08005204   0x08005204   0x0000001c   Code   RO         4924    i.remote_stick_is_centered  remote_control.o
    0x08005220   0x08005220   0x00000074   Code   RO         4925    i.remote_write_cmd  remote_control.o
    0x08005294   0x08005294   0x0000004c   Code   RO         4698    i.set_moto_current  bsp_can.o
    0x080052e0   0x080052e0   0x0000004c   Code   RO         4699    i.set_moto_current_5_8  bsp_can.o
    0x0800532c   0x0800532c   0x00000024   Code   RO         4104    i.uart2_tx_message  freertos.o
    0x08005350   0x08005350   0x00000024   Code   RO         3234    i.uxListRemove      list.o
    0x08005374   0x08005374   0x00000016   Code   RO         3235    i.vListInitialise   list.o
    0x0800538a   0x0800538a   0x00000006   Code   RO         3236    i.vListInitialiseItem  list.o
    0x08005390   0x08005390   0x00000030   Code   RO         3237    i.vListInsert       list.o
    0x080053c0   0x080053c0   0x00000018   Code   RO         3238    i.vListInsertEnd    list.o
    0x080053d8   0x080053d8   0x00000040   Code   RO         3695    i.vPortEnterCritical  port.o
    0x08005418   0x08005418   0x00000028   Code   RO         3696    i.vPortExitCritical  port.o
    0x08005440   0x08005440   0x0000005c   Code   RO         3759    i.vPortFree         heap_4.o
    0x0800549c   0x0800549c   0x00000020   Code   RO         3697    i.vPortSetupTimerInterrupt  port.o
    0x080054bc   0x080054bc   0x00000068   Code   RO         2749    i.vTaskDelay        tasks.o
    0x08005524   0x08005524   0x00000068   Code   RO         2761    i.vTaskStartScheduler  tasks.o
    0x0800558c   0x0800558c   0x00000010   Code   RO         2763    i.vTaskSuspendAll   tasks.o
    0x0800559c   0x0800559c   0x0000005c   Code   RO         2764    i.vTaskSwitchContext  tasks.o
    0x080055f8   0x080055f8   0x000000e0   Code   RO         3699    i.xPortStartScheduler  port.o
    0x080056d8   0x080056d8   0x0000002c   Code   RO         3700    i.xPortSysTickHandler  port.o
    0x08005704   0x08005704   0x000001bc   Code   RO         2766    i.xTaskGenericCreate  tasks.o
    0x080058c0   0x080058c0   0x0000001c   Code   RO         2770    i.xTaskGetSchedulerState  tasks.o
    0x080058dc   0x080058dc   0x000000cc   Code   RO         2773    i.xTaskIncrementTick  tasks.o
    0x080059a8   0x080059a8   0x000000c4   Code   RO         2779    i.xTaskResumeAll    tasks.o
    0x08005a6c   0x08005a6c   0x00000008   Data   RO         2505    .constdata          stm32f4xx_hal_dma.o
    0x08005a74   0x08005a74   0x00000010   Data   RO         2610    .constdata          stm32f4xx_hal_rcc.o
    0x08005a84   0x08005a84   0x00000014   Data   RO         4106    .constdata          freertos.o
    0x08005a98   0x08005a98   0x0000013c   Data   RO         4107    .conststring        freertos.o
    0x08005bd4   0x08005bd4   0x00000020   Data   RO         5383    Region$$Table       anon$$obj.o


    Execution Region RW_IRAM1 (Exec base: 0x20000000, Load base: 0x08005bf4, Size: 0x00004e88, Max: 0x00030000, ABSOLUTE)

    Exec Addr    Load Addr    Size         Type   Attr      Idx    E Section Name        Object

    0x20000000   0x08005bf4   0x00000004   Data   RW         1056    .data               stm32f4xx_hal.o
    0x20000004   0x08005bf8   0x00000004   Data   RW         2704    .data               system_stm32f4xx.o
    0x20000008   0x08005bfc   0x00000038   Data   RW         2782    .data               tasks.o
    0x20000040   0x08005c34   0x0000000c   Data   RW         3701    .data               port.o
    0x2000004c   0x08005c40   0x00000018   Data   RW         3764    .data               heap_4.o
    0x20000064   0x08005c58   0x0000001c   Data   RW         4108    .data               freertos.o
    0x20000080   0x08005c74   0x00000004   Data   RW         4647    .data               can.o
    0x20000084   0x08005c78   0x00000001   Data   RW         4701    .data               bsp_can.o
    0x20000085   0x08005c79   0x00000003   PAD
    0x20000088   0x08005c7c   0x00000024   Data   RW         4810    .data               bsp_ibus.o
    0x200000ac   0x08005ca0   0x00000018   Data   RW         4927    .data               remote_control.o
    0x200000c4        -       0x000000f0   Zero   RW         2781    .bss                tasks.o
    0x200001b4        -       0x00003c00   Zero   RW         3763    .bss                heap_4.o
    0x20003db4        -       0x00000168   Zero   RW         3912    .bss                tim.o
    0x20003f1c        -       0x00000280   Zero   RW         4011    .bss                usart.o
    0x2000419c        -       0x0000025c   Zero   RW         4105    .bss                freertos.o
    0x200043f8        -       0x0000003c   Zero   RW         4384    .bss                stm32f4xx_hal_timebase_tim.o
    0x20004434        -       0x00000058   Zero   RW         4448    .bss                spi.o
    0x2000448c        -       0x00000080   Zero   RW         4646    .bss                can.o
    0x2000450c        -       0x00000170   Zero   RW         4700    .bss                bsp_can.o
    0x2000467c        -       0x00000228   Zero   RW         4808    .bss                bsp_ibus.o
    0x200048a4        -       0x00000030   Zero   RW         4926    .bss                remote_control.o
    0x200048d4        -       0x000001b0   Zero   RW         5001    .bss                pid.o
    0x20004a84   0x08005cb8   0x00000004   PAD
    0x20004a88        -       0x00000400   Zero   RW         3814    STACK               startup_stm32f427xx.o


==============================================================================

Image component sizes


      Code (inc. data)   RO Data    RW Data    ZI Data      Debug   Object Name

       474         34          0          1        368       7011   bsp_can.o
       836         62          0         36        552      15968   bsp_ibus.o
       364         40          0          4        128       2570   can.o
       112          0          0          0          0      16444   cmsis_os.o
       108          4          0          0          0        890   dma.o
      2720        506        336         28        604     281060   freertos.o
       360         38          0          0          0       1231   gpio.o
       460         24          0         24      15360       7483   heap_4.o
       136          0          0          0          0       3774   list.o
       264         14          0          0          0       2924   main.o
       614         18          0          0        432       5846   pid.o
       670         74          0         12          0       8800   port.o
      1166         46          0         24         48      11052   remote_control.o
       148         22          0          0         88       1765   spi.o
        36          8        428          0       1024        828   startup_stm32f427xx.o
       102         16          0          4          0       3804   stm32f4xx_hal.o
      1894         38          0          0          0     364500   stm32f4xx_hal_can.o
       218         14          0          0          0      31297   stm32f4xx_hal_cortex.o
       952         22          8          0          0       6794   stm32f4xx_hal_dma.o
       470         52          0          0          0       2656   stm32f4xx_hal_gpio.o
        88          0          0          0          0        562   stm32f4xx_hal_msp.o
       140         14          0          0          0       1364   stm32f4xx_hal_pwr_ex.o
      1408         90         16          0          0       6916   stm32f4xx_hal_rcc.o
       128          0          0          0          0       1291   stm32f4xx_hal_spi.o
      1342         88          0          0          0      13621   stm32f4xx_hal_tim.o
       150          0          0          0          0       3386   stm32f4xx_hal_tim_ex.o
       116         16          0          0         60       1560   stm32f4xx_hal_timebase_tim.o
      1934         26          0          0          0      13506   stm32f4xx_hal_uart.o
       184         78          0          0          0       9555   stm32f4xx_it.o
        84         18          0          4          0       1461   system_stm32f4xx.o
      1396        116          0         56        240      29438   tasks.o
      1244        114          0          0        360       6318   tim.o
         0          0          0          0          0       8236   timers.o
       836         88          0          0        640       4309   usart.o

    ----------------------------------------------------------------------
     21198       1680        820        196      19908     878220   Object Totals
         0          0         32          0          0          0   (incl. Generated)
        44          0          0          3          4          0   (incl. Padding)

    ----------------------------------------------------------------------

      Code (inc. data)   RO Data    RW Data    ZI Data      Debug   Library Member Name

         0          0          0          0          0          0   entry.o
         0          0          0          0          0          0   entry10a.o
         0          0          0          0          0          0   entry11a.o
         4          0          0          0          0          0   entry12b.o
         8          4          0          0          0          0   entry2.o
         4          0          0          0          0          0   entry5.o
         0          0          0          0          0          0   entry7b.o
         0          0          0          0          0          0   entry8b.o
         8          4          0          0          0          0   entry9a.o
        30          0          0          0          0          0   handlers.o
        36          8          0          0          0         68   init.o
        30          0          0          0          0         68   llshl.o
        32          0          0          0          0         68   llushr.o
        36          0          0          0          0         68   memcpya.o
        36          0          0          0          0        108   memseta.o
      1184         48          0          0          0        424   printf8.o
        14          0          0          0          0         68   strlen.o
        98          0          0          0          0         92   uldiv.o

    ----------------------------------------------------------------------
      1522         64          0          0          0        964   Library Totals
         2          0          0          0          0          0   (incl. Padding)

    ----------------------------------------------------------------------

      Code (inc. data)   RO Data    RW Data    ZI Data      Debug   Library Name

      1520         64          0          0          0        964   mc_w.l

    ----------------------------------------------------------------------
      1522         64          0          0          0        964   Library Totals

    ----------------------------------------------------------------------

==============================================================================


      Code (inc. data)   RO Data    RW Data    ZI Data      Debug   

     22720       1744        820        196      19908     859572   Grand Totals
     22720       1744        820        196      19908     859572   ELF Image Totals
     22720       1744        820        196          0          0   ROM Totals

==============================================================================

    Total RO  Size (Code + RO Data)                23540 (  22.99kB)
    Total RW  Size (RW Data + ZI Data)             20104 (  19.63kB)
    Total ROM Size (Code + RO Data + RW Data)      23736 (  23.18kB)

==============================================================================

